Component: ARM Compiler 5.06 update 5 (build 528) Tool: armlink [4d35e2]

==============================================================================

Section Cross References

    startup_stm32f40xx.o(STACK) refers (Special) to heapauxi.o(.text) for __use_two_region_memory
    startup_stm32f40xx.o(HEAP) refers (Special) to heapauxi.o(.text) for __use_two_region_memory
    startup_stm32f40xx.o(RESET) refers (Special) to heapauxi.o(.text) for __use_two_region_memory
    startup_stm32f40xx.o(RESET) refers to startup_stm32f40xx.o(STACK) for __initial_sp
    startup_stm32f40xx.o(RESET) refers to startup_stm32f40xx.o(.text) for Reset_Handler
    startup_stm32f40xx.o(RESET) refers to myspi.o(i.EXTI15_10_IRQHandler) for EXTI15_10_IRQHandler
    startup_stm32f40xx.o(RESET) refers to timer.o(i.TIM5_IRQHandler) for TIM5_IRQHandler
    startup_stm32f40xx.o(.text) refers (Special) to heapauxi.o(.text) for __use_two_region_memory
    startup_stm32f40xx.o(.text) refers to system_stm32f4xx.o(i.SystemInit) for SystemInit
    startup_stm32f40xx.o(.text) refers to __main.o(!!!main) for __main
    startup_stm32f40xx.o(.text) refers to startup_stm32f40xx.o(HEAP) for Heap_Mem
    startup_stm32f40xx.o(.text) refers to startup_stm32f40xx.o(STACK) for Stack_Mem
    system_stm32f4xx.o(i.SystemCoreClockUpdate) refers to system_stm32f4xx.o(.data) for .data
    system_stm32f4xx.o(i.SystemInit) refers to system_stm32f4xx.o(i.SetSysClock) for SetSysClock
    stm32f4xx_adc.o(i.ADC_DeInit) refers to stm32f4xx_rcc.o(i.RCC_APB2PeriphResetCmd) for RCC_APB2PeriphResetCmd
    stm32f4xx_can.o(i.CAN_DeInit) refers to stm32f4xx_rcc.o(i.RCC_APB1PeriphResetCmd) for RCC_APB1PeriphResetCmd
    stm32f4xx_can.o(i.CAN_GetITStatus) refers to stm32f4xx_can.o(i.CheckITStatus) for CheckITStatus
    stm32f4xx_cryp.o(i.CRYP_DeInit) refers to stm32f4xx_rcc.o(i.RCC_AHB2PeriphResetCmd) for RCC_AHB2PeriphResetCmd
    stm32f4xx_cryp_aes.o(i.CRYP_AES_CBC) refers to stm32f4xx_cryp.o(i.CRYP_KeyStructInit) for CRYP_KeyStructInit
    stm32f4xx_cryp_aes.o(i.CRYP_AES_CBC) refers to stm32f4xx_cryp.o(i.CRYP_KeyInit) for CRYP_KeyInit
    stm32f4xx_cryp_aes.o(i.CRYP_AES_CBC) refers to stm32f4xx_cryp.o(i.CRYP_Init) for CRYP_Init
    stm32f4xx_cryp_aes.o(i.CRYP_AES_CBC) refers to stm32f4xx_cryp.o(i.CRYP_IVInit) for CRYP_IVInit
    stm32f4xx_cryp_aes.o(i.CRYP_AES_CBC) refers to stm32f4xx_cryp.o(i.CRYP_FIFOFlush) for CRYP_FIFOFlush
    stm32f4xx_cryp_aes.o(i.CRYP_AES_CBC) refers to stm32f4xx_cryp.o(i.CRYP_Cmd) for CRYP_Cmd
    stm32f4xx_cryp_aes.o(i.CRYP_AES_CBC) refers to stm32f4xx_cryp.o(i.CRYP_GetCmdStatus) for CRYP_GetCmdStatus
    stm32f4xx_cryp_aes.o(i.CRYP_AES_CBC) refers to stm32f4xx_cryp.o(i.CRYP_GetFlagStatus) for CRYP_GetFlagStatus
    stm32f4xx_cryp_aes.o(i.CRYP_AES_CBC) refers to stm32f4xx_cryp.o(i.CRYP_DataIn) for CRYP_DataIn
    stm32f4xx_cryp_aes.o(i.CRYP_AES_CBC) refers to stm32f4xx_cryp.o(i.CRYP_DataOut) for CRYP_DataOut
    stm32f4xx_cryp_aes.o(i.CRYP_AES_CCM) refers to stm32f4xx_cryp.o(i.CRYP_KeyStructInit) for CRYP_KeyStructInit
    stm32f4xx_cryp_aes.o(i.CRYP_AES_CCM) refers to stm32f4xx_cryp.o(i.CRYP_FIFOFlush) for CRYP_FIFOFlush
    stm32f4xx_cryp_aes.o(i.CRYP_AES_CCM) refers to stm32f4xx_cryp.o(i.CRYP_KeyInit) for CRYP_KeyInit
    stm32f4xx_cryp_aes.o(i.CRYP_AES_CCM) refers to stm32f4xx_cryp.o(i.CRYP_IVInit) for CRYP_IVInit
    stm32f4xx_cryp_aes.o(i.CRYP_AES_CCM) refers to stm32f4xx_cryp.o(i.CRYP_Init) for CRYP_Init
    stm32f4xx_cryp_aes.o(i.CRYP_AES_CCM) refers to stm32f4xx_cryp.o(i.CRYP_PhaseConfig) for CRYP_PhaseConfig
    stm32f4xx_cryp_aes.o(i.CRYP_AES_CCM) refers to stm32f4xx_cryp.o(i.CRYP_DataIn) for CRYP_DataIn
    stm32f4xx_cryp_aes.o(i.CRYP_AES_CCM) refers to stm32f4xx_cryp.o(i.CRYP_Cmd) for CRYP_Cmd
    stm32f4xx_cryp_aes.o(i.CRYP_AES_CCM) refers to stm32f4xx_cryp.o(i.CRYP_GetCmdStatus) for CRYP_GetCmdStatus
    stm32f4xx_cryp_aes.o(i.CRYP_AES_CCM) refers to stm32f4xx_cryp.o(i.CRYP_GetFlagStatus) for CRYP_GetFlagStatus
    stm32f4xx_cryp_aes.o(i.CRYP_AES_CCM) refers to stm32f4xx_cryp.o(i.CRYP_DataOut) for CRYP_DataOut
    stm32f4xx_cryp_aes.o(i.CRYP_AES_CTR) refers to stm32f4xx_cryp.o(i.CRYP_KeyStructInit) for CRYP_KeyStructInit
    stm32f4xx_cryp_aes.o(i.CRYP_AES_CTR) refers to stm32f4xx_cryp.o(i.CRYP_KeyInit) for CRYP_KeyInit
    stm32f4xx_cryp_aes.o(i.CRYP_AES_CTR) refers to stm32f4xx_cryp.o(i.CRYP_Init) for CRYP_Init
    stm32f4xx_cryp_aes.o(i.CRYP_AES_CTR) refers to stm32f4xx_cryp.o(i.CRYP_IVInit) for CRYP_IVInit
    stm32f4xx_cryp_aes.o(i.CRYP_AES_CTR) refers to stm32f4xx_cryp.o(i.CRYP_FIFOFlush) for CRYP_FIFOFlush
    stm32f4xx_cryp_aes.o(i.CRYP_AES_CTR) refers to stm32f4xx_cryp.o(i.CRYP_Cmd) for CRYP_Cmd
    stm32f4xx_cryp_aes.o(i.CRYP_AES_CTR) refers to stm32f4xx_cryp.o(i.CRYP_GetCmdStatus) for CRYP_GetCmdStatus
    stm32f4xx_cryp_aes.o(i.CRYP_AES_CTR) refers to stm32f4xx_cryp.o(i.CRYP_DataIn) for CRYP_DataIn
    stm32f4xx_cryp_aes.o(i.CRYP_AES_CTR) refers to stm32f4xx_cryp.o(i.CRYP_GetFlagStatus) for CRYP_GetFlagStatus
[...]
    __rt_entry_sh                            0x08000257   Thumb Code     0  __rtentry4.o(.ARM.Collect$$rtentry$$00000004)
    __rt_entry_li                            0x0800025d   Thumb Code     0  __rtentry2.o(.ARM.Collect$$rtentry$$0000000A)
    __rt_entry_postsh_1                      0x0800025d   Thumb Code     0  __rtentry2.o(.ARM.Collect$$rtentry$$00000009)
    __rt_entry_main                          0x08000261   Thumb Code     0  __rtentry2.o(.ARM.Collect$$rtentry$$0000000D)
    __rt_entry_postli_1                      0x08000261   Thumb Code     0  __rtentry2.o(.ARM.Collect$$rtentry$$0000000C)
    __rt_exit                                0x08000269   Thumb Code     0  rtexit.o(.ARM.Collect$$rtexit$$00000000)
    __rt_exit_ls                             0x0800026b   Thumb Code     0  rtexit2.o(.ARM.Collect$$rtexit$$00000003)
    __rt_exit_prels_1                        0x0800026b   Thumb Code     0  rtexit2.o(.ARM.Collect$$rtexit$$00000002)
    __rt_exit_exit                           0x0800026f   Thumb Code     0  rtexit2.o(.ARM.Collect$$rtexit$$00000004)
    Reset_Handler                            0x08000275   Thumb Code     8  startup_stm32f40xx.o(.text)
    NMI_Handler                              0x0800027d   Thumb Code     2  startup_stm32f40xx.o(.text)
    HardFault_Handler                        0x0800027f   Thumb Code     2  startup_stm32f40xx.o(.text)
    MemManage_Handler                        0x08000281   Thumb Code     2  startup_stm32f40xx.o(.text)
    BusFault_Handler                         0x08000283   Thumb Code     2  startup_stm32f40xx.o(.text)
    UsageFault_Handler                       0x08000285   Thumb Code     2  startup_stm32f40xx.o(.text)
    SVC_Handler                              0x08000287   Thumb Code     2  startup_stm32f40xx.o(.text)
    DebugMon_Handler                         0x08000289   Thumb Code     2  startup_stm32f40xx.o(.text)
    PendSV_Handler                           0x0800028b   Thumb Code     2  startup_stm32f40xx.o(.text)
    SysTick_Handler                          0x0800028d   Thumb Code     2  startup_stm32f40xx.o(.text)
    ADC_IRQHandler                           0x0800028f   Thumb Code     0  startup_stm32f40xx.o(.text)
    CAN1_RX0_IRQHandler                      0x0800028f   Thumb Code     0  startup_stm32f40xx.o(.text)
    CAN1_RX1_IRQHandler                      0x0800028f   Thumb Code     0  startup_stm32f40xx.o(.text)
    CAN1_SCE_IRQHandler                      0x0800028f   Thumb Code     0  startup_stm32f40xx.o(.text)
    CAN1_TX_IRQHandler                       0x0800028f   Thumb Code     0  startup_stm32f40xx.o(.text)
    CAN2_RX0_IRQHandler                      0x0800028f   Thumb Code     0  startup_stm32f40xx.o(.text)
    CAN2_RX1_IRQHandler                      0x0800028f   Thumb Code     0  startup_stm32f40xx.o(.text)
    CAN2_SCE_IRQHandler                      0x0800028f   Thumb Code     0  startup_stm32f40xx.o(.text)
    CAN2_TX_IRQHandler                       0x0800028f   Thumb Code     0  startup_stm32f40xx.o(.text)
    CRYP_IRQHandler                          0x0800028f   Thumb Code     0  startup_stm32f40xx.o(.text)
    DCMI_IRQHandler                          0x0800028f   Thumb Code     0  startup_stm32f40xx.o(.text)
    DMA1_Stream0_IRQHandler                  0x0800028f   Thumb Code     0  startup_stm32f40xx.o(.text)
    DMA1_Stream1_IRQHandler                  0x0800028f   Thumb Code     0  startup_stm32f40xx.o(.text)
    DMA1_Stream2_IRQHandler                  0x0800028f   Thumb Code     0  startup_stm32f40xx.o(.text)
    DMA1_Stream3_IRQHandler                  0x0800028f   Thumb Code     0  startup_stm32f40xx.o(.text)
    DMA1_Stream4_IRQHandler                  0x0800028f   Thumb Code     0  startup_stm32f40xx.o(.text)
    DMA1_Stream5_IRQHandler                  0x0800028f   Thumb Code     0  startup_stm32f40xx.o(.text)
    DMA1_Stream6_IRQHandler                  0x0800028f   Thumb Code     0  startup_stm32f40xx.o(.text)
    DMA1_Stream7_IRQHandler                  0x0800028f   Thumb Code     0  startup_stm32f40xx.o(.text)
    DMA2_Stream0_IRQHandler                  0x0800028f   Thumb Code     0  startup_stm32f40xx.o(.text)
    DMA2_Stream1_IRQHandler                  0x0800028f   Thumb Code     0  startup_stm32f40xx.o(.text)
    DMA2_Stream2_IRQHandler                  0x0800028f   Thumb Code     0  startup_stm32f40xx.o(.text)
    DMA2_Stream3_IRQHandler                  0x0800028f   Thumb Code     0  startup_stm32f40xx.o(.text)
    DMA2_Stream4_IRQHandler                  0x0800028f   Thumb Code     0  startup_stm32f40xx.o(.text)
    DMA2_Stream5_IRQHandler                  0x0800028f   Thumb Code     0  startup_stm32f40xx.o(.text)
    DMA2_Stream6_IRQHandler                  0x0800028f   Thumb Code     0  startup_stm32f40xx.o(.text)
    DMA2_Stream7_IRQHandler                  0x0800028f   Thumb Code     0  startup_stm32f40xx.o(.text)
    ETH_IRQHandler                           0x0800028f   Thumb Code     0  startup_stm32f40xx.o(.text)
    ETH_WKUP_IRQHandler                      0x0800028f   Thumb Code     0  startup_stm32f40xx.o(.text)
    EXTI0_IRQHandler                         0x0800028f   Thumb Code     0  startup_stm32f40xx.o(.text)
    EXTI1_IRQHandler                         0x0800028f   Thumb Code     0  startup_stm32f40xx.o(.text)
    EXTI2_IRQHandler                         0x0800028f   Thumb Code     0  startup_stm32f40xx.o(.text)
    EXTI3_IRQHandler                         0x0800028f   Thumb Code     0  startup_stm32f40xx.o(.text)
    EXTI4_IRQHandler                         0x0800028f   Thumb Code     0  startup_stm32f40xx.o(.text)
    EXTI9_5_IRQHandler                       0x0800028f   Thumb Code     0  startup_stm32f40xx.o(.text)
    FLASH_IRQHandler                         0x0800028f   Thumb Code     0  startup_stm32f40xx.o(.text)
    FPU_IRQHandler                           0x0800028f   Thumb Code     0  startup_stm32f40xx.o(.text)
    FSMC_IRQHandler                          0x0800028f   Thumb Code     0  startup_stm32f40xx.o(.text)
    HASH_RNG_IRQHandler                      0x0800028f   Thumb Code     0  startup_stm32f40xx.o(.text)
    I2C1_ER_IRQHandler                       0x0800028f   Thumb Code     0  startup_stm32f40xx.o(.text)
    I2C1_EV_IRQHandler                       0x0800028f   Thumb Code     0  startup_stm32f40xx.o(.text)
    I2C2_ER_IRQHandler                       0x0800028f   Thumb Code     0  startup_stm32f40xx.o(.text)
    I2C2_EV_IRQHandler                       0x0800028f   Thumb Code     0  startup_stm32f40xx.o(.text)
    I2C3_ER_IRQHandler                       0x0800028f   Thumb Code     0  startup_stm32f40xx.o(.text)
    I2C3_EV_IRQHandler                       0x0800028f   Thumb Code     0  startup_stm32f40xx.o(.text)
    OTG_FS_IRQHandler                        0x0800028f   Thumb Code     0  startup_stm32f40xx.o(.text)
    OTG_FS_WKUP_IRQHandler                   0x0800028f   Thumb Code     0  startup_stm32f40xx.o(.text)
    OTG_HS_EP1_IN_IRQHandler                 0x0800028f   Thumb Code     0  startup_stm32f40xx.o(.text)
    OTG_HS_EP1_OUT_IRQHandler                0x0800028f   Thumb Code     0  startup_stm32f40xx.o(.text)
    OTG_HS_IRQHandler                        0x0800028f   Thumb Code     0  startup_stm32f40xx.o(.text)
    OTG_HS_WKUP_IRQHandler                   0x0800028f   Thumb Code     0  startup_stm32f40xx.o(.text)
    PVD_IRQHandler                           0x0800028f   Thumb Code     0  startup_stm32f40xx.o(.text)
    RCC_IRQHandler                           0x0800028f   Thumb Code     0  startup_stm32f40xx.o(.text)
    RTC_Alarm_IRQHandler                     0x0800028f   Thumb Code     0  startup_stm32f40xx.o(.text)
    RTC_WKUP_IRQHandler                      0x0800028f   Thumb Code     0  startup_stm32f40xx.o(.text)
    SDIO_IRQHandler                          0x0800028f   Thumb Code     0  startup_stm32f40xx.o(.text)
    SPI1_IRQHandler                          0x0800028f   Thumb Code     0  startup_stm32f40xx.o(.text)
    SPI2_IRQHandler                          0x0800028f   Thumb Code     0  startup_stm32f40xx.o(.text)
    SPI3_IRQHandler                          0x0800028f   Thumb Code     0  startup_stm32f40xx.o(.text)
    TAMP_STAMP_IRQHandler                    0x0800028f   Thumb Code     0  startup_stm32f40xx.o(.text)
    TIM1_BRK_TIM9_IRQHandler                 0x0800028f   Thumb Code     0  startup_stm32f40xx.o(.text)
    TIM1_CC_IRQHandler                       0x0800028f   Thumb Code     0  startup_stm32f40xx.o(.text)
    TIM1_TRG_COM_TIM11_IRQHandler            0x0800028f   Thumb Code     0  startup_stm32f40xx.o(.text)
    TIM1_UP_TIM10_IRQHandler                 0x0800028f   Thumb Code     0  startup_stm32f40xx.o(.text)
    TIM2_IRQHandler                          0x0800028f   Thumb Code     0  startup_stm32f40xx.o(.text)
    TIM3_IRQHandler                          0x0800028f   Thumb Code     0  startup_stm32f40xx.o(.text)
    TIM4_IRQHandler                          0x0800028f   Thumb Code     0  startup_stm32f40xx.o(.text)
    TIM6_DAC_IRQHandler                      0x0800028f   Thumb Code     0  startup_stm32f40xx.o(.text)
    TIM7_IRQHandler                          0x0800028f   Thumb Code     0  startup_stm32f40xx.o(.text)
    TIM8_BRK_TIM12_IRQHandler                0x0800028f   Thumb Code     0  startup_stm32f40xx.o(.text)
    TIM8_CC_IRQHandler                       0x0800028f   Thumb Code     0  startup_stm32f40xx.o(.text)
    TIM8_TRG_COM_TIM14_IRQHandler            0x0800028f   Thumb Code     0  startup_stm32f40xx.o(.text)
    TIM8_UP_TIM13_IRQHandler                 0x0800028f   Thumb Code     0  startup_stm32f40xx.o(.text)
    UART4_IRQHandler                         0x0800028f   Thumb Code     0  startup_stm32f40xx.o(.text)
    UART5_IRQHandler                         0x0800028f   Thumb Code     0  startup_stm32f40xx.o(.text)
    USART1_IRQHandler                        0x0800028f   Thumb Code     0  startup_stm32f40xx.o(.text)
    USART2_IRQHandler                        0x0800028f   Thumb Code     0  startup_stm32f40xx.o(.text)
    USART3_IRQHandler                        0x0800028f   Thumb Code     0  startup_stm32f40xx.o(.text)
    USART6_IRQHandler                        0x0800028f   Thumb Code     0  startup_stm32f40xx.o(.text)
    WWDG_IRQHandler                          0x0800028f   Thumb Code     0  startup_stm32f40xx.o(.text)
    __user_initial_stackheap                 0x08000291   Thumb Code     0  startup_stm32f40xx.o(.text)
    __use_no_semihosting                     0x080002b5   Thumb Code     2  use_no_semi_2.o(.text)
    __2printf                                0x080002b9   Thumb Code    20  noretval__2printf.o(.text)
    __2sprintf                               0x080002d1   Thumb Code    34  noretval__2sprintf.o(.text)
    _printf_pre_padding                      0x080002f9   Thumb Code    44  _printf_pad.o(.text)
    _printf_post_padding                     0x08000325   Thumb Code    34  _printf_pad.o(.text)
    _printf_str                              0x08000347   Thumb Code    82  _printf_str.o(.text)
    _printf_int_dec                          0x08000399   Thumb Code   104  _printf_dec.o(.text)
    _printf_longlong_dec                     0x08000411   Thumb Code   108  _printf_longlong_dec.o(.text)
    _printf_longlong_hex                     0x0800048d   Thumb Code    80  _printf_hex_int_ll.o(.text)
    _printf_int_hex                          0x080004dd   Thumb Code    28  _printf_hex_int_ll.o(.text)
    _printf_ll_hex                           0x080004f9   Thumb Code    12  _printf_hex_int_ll.o(.text)
    __printf                                 0x08000509   Thumb Code   388  __printf_flags_ss_wp.o(.text)
    strcpy                                   0x08000691   Thumb Code    72  strcpy.o(.text)
    strcat                                   0x080006d9   Thumb Code    24  strcat.o(.text)
    __aeabi_memcpy                           0x080006f1   Thumb Code     0  rt_memcpy_v6.o(.text)
    __rt_memcpy                              0x080006f1   Thumb Code   138  rt_memcpy_v6.o(.text)
    _memcpy_lastbytes                        0x08000757   Thumb Code     0  rt_memcpy_v6.o(.text)
    __aeabi_memcpy4                          0x0800077b   Thumb Code     0  rt_memcpy_w.o(.text)
    __aeabi_memcpy8                          0x0800077b   Thumb Code     0  rt_memcpy_w.o(.text)
    __rt_memcpy_w                            0x0800077b   Thumb Code   100  rt_memcpy_w.o(.text)
    _memcpy_lastbytes_aligned                0x080007c3   Thumb Code     0  rt_memcpy_w.o(.text)
    __aeabi_memclr                           0x080007df   Thumb Code     0  rt_memclr.o(.text)
    __rt_memclr                              0x080007df   Thumb Code    68  rt_memclr.o(.text)
    _memset                                  0x080007e3   Thumb Code     0  rt_memclr.o(.text)
    __aeabi_memclr4                          0x08000823   Thumb Code     0  rt_memclr_w.o(.text)
    __aeabi_memclr8                          0x08000823   Thumb Code     0  rt_memclr_w.o(.text)
    __rt_memclr_w                            0x08000823   Thumb Code    78  rt_memclr_w.o(.text)
    _memset_w                                0x08000827   Thumb Code     0  rt_memclr_w.o(.text)
    strncpy                                  0x08000871   Thumb Code    86  strncpy.o(.text)
    __use_two_region_memory                  0x080008c7   Thumb Code     2  heapauxi.o(.text)
    __rt_heap_escrow$2region                 0x080008c9   Thumb Code     2  heapauxi.o(.text)
    __rt_heap_expand$2region                 0x080008cb   Thumb Code     2  heapauxi.o(.text)
    __I$use$semihosting                      0x080008cd   Thumb Code     0  use_no_semi.o(.text)
    __use_no_semihosting_swi                 0x080008cd   Thumb Code     2  use_no_semi.o(.text)
    _ll_udiv10                               0x080008cf   Thumb Code   138  lludiv10.o(.text)
    _printf_int_common                       0x08000959   Thumb Code   178  _printf_intcommon.o(.text)
    __lib_sel_fp_printf                      0x08000a0b   Thumb Code     2  _printf_fp_dec.o(.text)
    _printf_fp_dec_real                      0x08000bbd   Thumb Code   620  _printf_fp_dec.o(.text)
    _printf_char_common                      0x08000e33   Thumb Code    32  _printf_char_common.o(.text)
    _sputc                                   0x08000e59   Thumb Code    10  _sputc.o(.text)
    _printf_cs_common                        0x08000e63   Thumb Code    20  _printf_char.o(.text)
    _printf_char                             0x08000e77   Thumb Code    16  _printf_char.o(.text)
    _printf_string                           0x08000e87   Thumb Code     8  _printf_char.o(.text)
    _printf_char_file                        0x08000e91   Thumb Code    32  _printf_char_file.o(.text)
    __rt_locale                              0x08000eb5   Thumb Code     8  rt_locale_intlibspace.o(.text)
    _printf_fp_infnan                        0x08000ebd   Thumb Code   112  _printf_fp_infnan.o(.text)
    _btod_etento                             0x08000f3d   Thumb Code   224  bigflt0.o(.text)
    ferror                                   0x08001021   Thumb Code     8  ferror.o(.text)
    __user_libspace                          0x08001029   Thumb Code     8  libspace.o(.text)
    __user_perproc_libspace                  0x08001029   Thumb Code     0  libspace.o(.text)
    __user_perthread_libspace                0x08001029   Thumb Code     0  libspace.o(.text)
    __user_setup_stackheap                   0x08001031   Thumb Code    74  sys_stackheap_outer.o(.text)
    exit                                     0x0800107b   Thumb Code    18  exit.o(.text)
    strcmp                                   0x0800108d   Thumb Code   128  strcmpv7m.o(.text)
    _btod_d2e                                0x0800110d   Thumb Code    62  btod.o(CL$$btod_d2e)
    _d2e_denorm_low                          0x0800114b   Thumb Code    70  btod.o(CL$$btod_d2e_denorm_low)
    _d2e_norm_op1                            0x08001191   Thumb Code    96  btod.o(CL$$btod_d2e_norm_op1)
    __btod_div_common                        0x080011f1   Thumb Code   696  btod.o(CL$$btod_div_common)
    _e2e                                     0x08001529   Thumb Code   220  btod.o(CL$$btod_e2e)
    _btod_ediv                               0x08001605   Thumb Code    42  btod.o(CL$$btod_ediv)
    _btod_emul                               0x0800162f   Thumb Code    42  btod.o(CL$$btod_emul)
    __btod_mult_common                       0x08001659   Thumb Code   580  btod.o(CL$$btod_mult_common)
    EXTI15_10_IRQHandler                     0x0800189d   Thumb Code    28  myspi.o(i.EXTI15_10_IRQHandler)
    EXTI_ClearITPendingBit                   0x080018b9   Thumb Code     6  stm32f4xx_exti.o(i.EXTI_ClearITPendingBit)
    EXTI_GetITStatus                         0x080018c5   Thumb Code    16  stm32f4xx_exti.o(i.EXTI_GetITStatus)
    EXTI_Init                                0x080018d9   Thumb Code   110  stm32f4xx_exti.o(i.EXTI_Init)
    EtherCat_Close                           0x0800194d   Thumb Code     8  ethercatcontrol.o(i.EtherCat_Close)
    EtherCat_MACRAW_Open                     0x08001959   Thumb Code    48  ethercatcontrol.o(i.EtherCat_MACRAW_Open)
    EtherCat_MACRAW_Recv                     0x08001991   Thumb Code   132  ethercatcontrol.o(i.EtherCat_MACRAW_Recv)
    EtherCat_MACRAW_Send                     0x08001a19   Thumb Code   154  ethercatcontrol.o(i.EtherCat_MACRAW_Send)
    GPIO_Init                                0x08001ab9   Thumb Code   124  stm32f4xx_gpio.o(i.GPIO_Init)
    GPIO_PinAFConfig                         0x08001b35   Thumb Code    32  stm32f4xx_gpio.o(i.GPIO_PinAFConfig)
    GPIO_ResetBits                           0x08001b55   Thumb Code     4  stm32f4xx_gpio.o(i.GPIO_ResetBits)
    GPIO_SetBits                             0x08001b59   Thumb Code     4  stm32f4xx_gpio.o(i.GPIO_SetBits)
    Led_Init                                 0x08001b5d   Thumb Code    46  slaveinfo.o(i.Led_Init)
    NVIC_Init                                0x08001b91   Thumb Code    98  misc.o(i.NVIC_Init)
    NVIC_PriorityGroupConfig                 0x08001bf9   Thumb Code    10  misc.o(i.NVIC_PriorityGroupConfig)
    RCC_AHB1PeriphClockCmd                   0x08001c0d   Thumb Code    22  stm32f4xx_rcc.o(i.RCC_AHB1PeriphClockCmd)
    RCC_APB1PeriphClockCmd                   0x08001c29   Thumb Code    22  stm32f4xx_rcc.o(i.RCC_APB1PeriphClockCmd)
    RCC_APB2PeriphClockCmd                   0x08001c45   Thumb Code    22  stm32f4xx_rcc.o(i.RCC_APB2PeriphClockCmd)
    SDO2string                               0x08001c61   Thumb Code   438  slaveinfo.o(i.SDO2string)
    SPI3_CS_Deselect                         0x08001ecd   Thumb Code    10  myspi.o(i.SPI3_CS_Deselect)
    SPI3_CS_Select                           0x08001edd   Thumb Code    10  myspi.o(i.SPI3_CS_Select)
    SPI3_Read_Byte                           0x08001eed   Thumb Code    46  myspi.o(i.SPI3_Read_Byte)
    SPI3_Write_Byte                          0x08001f21   Thumb Code    48  myspi.o(i.SPI3_Write_Byte)
    SPI_Cmd                                  0x08001f55   Thumb Code    24  stm32f4xx_spi.o(i.SPI_Cmd)
    SPI_Configuration                        0x08001f6d   Thumb Code   200  myspi.o(i.SPI_Configuration)
    SPI_CrisEnter                            0x08002041   Thumb Code     8  myspi.o(i.SPI_CrisEnter)
    SPI_CrisExit                             0x08002049   Thumb Code     8  myspi.o(i.SPI_CrisExit)
    SPI_I2S_GetFlagStatus                    0x08002051   Thumb Code    14  stm32f4xx_spi.o(i.SPI_I2S_GetFlagStatus)
    SPI_I2S_ReceiveData                      0x0800205f   Thumb Code     4  stm32f4xx_spi.o(i.SPI_I2S_ReceiveData)
    SPI_I2S_SendData                         0x08002063   Thumb Code     4  stm32f4xx_spi.o(i.SPI_I2S_SendData)
    SPI_Init                                 0x08002067   Thumb Code    56  stm32f4xx_spi.o(i.SPI_Init)
    SYSCFG_EXTILineConfig                    0x080020a1   Thumb Code    38  stm32f4xx_syscfg.o(i.SYSCFG_EXTILineConfig)
    Spi_ReadBurst                            0x08002185   Thumb Code    24  myspi.o(i.Spi_ReadBurst)
    Spi_WriteBurst                           0x0800219d   Thumb Code    26  myspi.o(i.Spi_WriteBurst)
    SystemInit                               0x080021b9   Thumb Code    74  system_stm32f4xx.o(i.SystemInit)
    TIM5_IRQHandler                          0x08002215   Thumb Code    28  timer.o(i.TIM5_IRQHandler)
    TIM_ClearFlag                            0x08002235   Thumb Code     6  stm32f4xx_tim.o(i.TIM_ClearFlag)
    TIM_ClearITPendingBit                    0x0800223b   Thumb Code     6  stm32f4xx_tim.o(i.TIM_ClearITPendingBit)
    TIM_Cmd                                  0x08002241   Thumb Code    24  stm32f4xx_tim.o(i.TIM_Cmd)
    TIM_GetFlagStatus                        0x08002259   Thumb Code    14  stm32f4xx_tim.o(i.TIM_GetFlagStatus)
    TIM_GetITStatus                          0x08002267   Thumb Code    24  stm32f4xx_tim.o(i.TIM_GetITStatus)
    TIM_ITRxExternalClockConfig              0x0800227f   Thumb Code    20  stm32f4xx_tim.o(i.TIM_ITRxExternalClockConfig)
    TIM_InternalClockConfig                  0x08002293   Thumb Code    10  stm32f4xx_tim.o(i.TIM_InternalClockConfig)
    TIM_SelectInputTrigger                   0x0800229d   Thumb Code    12  stm32f4xx_tim.o(i.TIM_SelectInputTrigger)
    TIM_SelectMasterSlaveMode                0x080022a9   Thumb Code    16  stm32f4xx_tim.o(i.TIM_SelectMasterSlaveMode)
    TIM_SelectOutputTrigger                  0x080022b9   Thumb Code    16  stm32f4xx_tim.o(i.TIM_SelectOutputTrigger)
    TIM_TimeBaseInit                         0x080022c9   Thumb Code    96  stm32f4xx_tim.o(i.TIM_TimeBaseInit)
    Timer2And3_Init                          0x08002345   Thumb Code    14  timer.o(i.Timer2And3_Init)
    Timer2And3_start                         0x08002355   Thumb Code    22  timer.o(i.Timer2And3_start)
    Timer2_Init                              0x08002371   Thumb Code    78  timer.o(i.Timer2_Init)
    Timer3_Init                              0x080023c5   Thumb Code    68  timer.o(i.Timer3_Init)
    W5500_GPIO_Configuration                 0x08002411   Thumb Code   172  myspi.o(i.W5500_GPIO_Configuration)
    W5500_Hardware_Reset                     0x080024c1   Thumb Code    46  port_func.o(i.W5500_Hardware_Reset)
    WIZCHIP_READ                             0x080024f5   Thumb Code    84  w5500.o(i.WIZCHIP_READ)
    WIZCHIP_READ_BUF                         0x0800254d   Thumb Code   110  w5500.o(i.WIZCHIP_READ_BUF)
    WIZCHIP_WRITE                            0x080025c1   Thumb Code    90  w5500.o(i.WIZCHIP_WRITE)
    WIZCHIP_WRITE_BUF                        0x08002621   Thumb Code   108  w5500.o(i.WIZCHIP_WRITE_BUF)
    __ARM_fpclassify                         0x08002691   Thumb Code    48  fpclassify.o(i.__ARM_fpclassify)
    _is_digit                                0x080026c1   Thumb Code    14  __printf_wp.o(i._is_digit)
    _sys_exit                                0x080026cf   Thumb Code     2  usart.o(i._sys_exit)
    close                                    0x080026d1   Thumb Code   114  socket.o(i.close)
    delay_init                               0x0800274d   Thumb Code    38  delay.o(i.delay_init)
    delay_ms                                 0x08002779   Thumb Code    60  delay.o(i.delay_ms)
    dtype2string                             0x080027b9   Thumb Code   330  slaveinfo.o(i.dtype2string)
    ec_ALstatuscode2string                   0x08002a09   Thumb Code    42  ethercatprint.o(i.ec_ALstatuscode2string)
    ec_SDOread                               0x08002a39   Thumb Code    36  ethercatcoe.o(i.ec_SDOread)
    ec_clearmbx                              0x08002a61   Thumb Code     8  ethercatmain.o(i.ec_clearmbx)
    ec_close                                 0x08002a69   Thumb Code     6  ethercatmain.o(i.ec_close)
    ec_config                                0x08002a75   Thumb Code    22  ethercatconfig.o(i.ec_config)
    ec_config_init                           0x08002a8d   Thumb Code     8  ethercatconfig.o(i.ec_config_init)
    ec_config_map                            0x08002a99   Thumb Code     6  ethercatconfig.o(i.ec_config_map)
    ec_config_map_group                      0x08002aa1   Thumb Code    10  ethercatconfig.o(i.ec_config_map_group)
    ec_configdc                              0x08002ab1   Thumb Code     6  ethercatdc.o(i.ec_configdc)
    ec_eeprom2pdi                            0x08002abd   Thumb Code     8  ethercatmain.o(i.ec_eeprom2pdi)
    ec_elist2string                          0x08002ac9   Thumb Code     6  ethercatprint.o(i.ec_elist2string)
    ec_findconfig                            0x08002ad5   Thumb Code    52  ethercatconfig.o(i.ec_findconfig)
    ec_init                                  0x08002b0d   Thumb Code     8  ethercatmain.o(i.ec_init)
    ec_mbxerror2string                       0x08002b19   Thumb Code    42  ethercatprint.o(i.ec_mbxerror2string)
    ec_nextmbxcnt                            0x08002b49   Thumb Code    12  ethercatmain.o(i.ec_nextmbxcnt)
    ec_readODdescription                     0x08002b55   Thumb Code    10  ethercatcoe.o(i.ec_readODdescription)
    ec_readODlist                            0x08002b65   Thumb Code    10  ethercatcoe.o(i.ec_readODlist)
    ec_readOE                                0x08002b75   Thumb Code    12  ethercatcoe.o(i.ec_readOE)
    ec_readOEsingle                          0x08002b85   Thumb Code    18  ethercatcoe.o(i.ec_readOEsingle)
    ec_readstate                             0x08002b9d   Thumb Code     6  ethercatmain.o(i.ec_readstate)
    ec_sdoerror2string                       0x08002ba9   Thumb Code    38  ethercatprint.o(i.ec_sdoerror2string)
    ec_setupheader                           0x08002bd5   Thumb Code    72  nicdrv.o(i.ec_setupheader)
    ec_siifind                               0x08002c1d   Thumb Code    10  ethercatmain.o(i.ec_siifind)
    ec_siigetbyte                            0x08002c2d   Thumb Code    10  ethercatmain.o(i.ec_siigetbyte)
    ec_siistring                             0x08002c3d   Thumb Code    12  ethercatmain.o(i.ec_siistring)
    ec_soeerror2string                       0x08002c4d   Thumb Code    42  ethercatprint.o(i.ec_soeerror2string)
    ec_statecheck                            0x08002c7d   Thumb Code    12  ethercatmain.o(i.ec_statecheck)
    ecx_APRD                                 0x08002c8d   Thumb Code   108  ethercatbase.o(i.ecx_APRD)
    ecx_APRDw                                0x08002cf9   Thumb Code    24  ethercatbase.o(i.ecx_APRDw)
    ecx_APWR                                 0x08002d11   Thumb Code    88  ethercatbase.o(i.ecx_APWR)
    ecx_APWRw                                0x08002d69   Thumb Code    22  ethercatbase.o(i.ecx_APWRw)
    ecx_BRD                                  0x08002d7f   Thumb Code   108  ethercatbase.o(i.ecx_BRD)
    ecx_BWR                                  0x08002deb   Thumb Code    88  ethercatbase.o(i.ecx_BWR)
    ecx_FPRD                                 0x08002e43   Thumb Code   108  ethercatbase.o(i.ecx_FPRD)
    ecx_FPRD_multi                           0x08002eaf   Thumb Code   270  ethercatmain.o(i.ecx_FPRD_multi)
    ecx_FPRDw                                0x08002fbd   Thumb Code    24  ethercatbase.o(i.ecx_FPRDw)
    ecx_FPWR                                 0x08002fd5   Thumb Code    88  ethercatbase.o(i.ecx_FPWR)
    ecx_FPWRw                                0x0800302d   Thumb Code    22  ethercatbase.o(i.ecx_FPWRw)
    ecx_SDOerror                             0x08003043   Thumb Code    82  ethercatcoe.o(i.ecx_SDOerror)
    ecx_SDOread                              0x080030d9   Thumb Code   784  ethercatcoe.o(i.ecx_SDOread)
    ecx_SoEerror                             0x080033e9   Thumb Code    76  ethercatsoe.o(i.ecx_SoEerror)
    ecx_SoEread                              0x08003435   Thumb Code   448  ethercatsoe.o(i.ecx_SoEread)
    ecx_adddatagram                          0x080035f5   Thumb Code   120  ethercatbase.o(i.ecx_adddatagram)
    ecx_close                                0x0800367d   Thumb Code     6  ethercatmain.o(i.ecx_close)
    ecx_closenic                             0x08003683   Thumb Code    24  nicdrv.o(i.ecx_closenic)
    ecx_config_init                          0x08003ea1   Thumb Code  1856  ethercatconfig.o(i.ecx_config_init)
    ecx_config_map_group                     0x080045e1   Thumb Code   772  ethercatconfig.o(i.ecx_config_map_group)
    ecx_configdc                             0x080048e5   Thumb Code  1154  ethercatdc.o(i.ecx_configdc)
    ecx_detect_slaves                        0x08004d67   Thumb Code   120  ethercatconfig.o(i.ecx_detect_slaves)
    ecx_eeprom2master                        0x08004ddf   Thumb Code   134  ethercatmain.o(i.ecx_eeprom2master)
    ecx_eeprom2pdi                           0x08004e65   Thumb Code    92  ethercatmain.o(i.ecx_eeprom2pdi)
    ecx_eeprom_waitnotbusyFP                 0x08004ec1   Thumb Code   100  ethercatmain.o(i.ecx_eeprom_waitnotbusyFP)
    ecx_elist2string                         0x08004f25   Thumb Code    36  ethercatprint.o(i.ecx_elist2string)
    ecx_err2string                           0x08004f4d   Thumb Code   274  ethercatprint.o(i.ecx_err2string)
    ecx_getindex                             0x08005179   Thumb Code    96  nicdrv.o(i.ecx_getindex)
    ecx_inframe                              0x080051dd   Thumb Code   266  nicdrv.o(i.ecx_inframe)
    ecx_init                                 0x080052ed   Thumb Code     8  ethercatmain.o(i.ecx_init)
    ecx_init_context                         0x080052f5   Thumb Code    80  ethercatconfig.o(i.ecx_init_context)
    ecx_mbxempty                             0x0800595d   Thumb Code   136  ethercatmain.o(i.ecx_mbxempty)
    ecx_mbxreceive                           0x08005a29   Thumb Code   498  ethercatmain.o(i.ecx_mbxreceive)
    ecx_mbxsend                              0x08005c1b   Thumb Code    98  ethercatmain.o(i.ecx_mbxsend)
    ecx_outframe                             0x08005c7d   Thumb Code    64  nicdrv.o(i.ecx_outframe)
    ecx_outframe_red                         0x08005cbd   Thumb Code   102  nicdrv.o(i.ecx_outframe_red)
    ecx_packeterror                          0x08005d23   Thumb Code    82  ethercatmain.o(i.ecx_packeterror)
    ecx_poperror                             0x08005dbd   Thumb Code    96  ethercatmain.o(i.ecx_poperror)
    ecx_pusherror                            0x08005eef   Thumb Code   104  ethercatmain.o(i.ecx_pusherror)
    ecx_readIDNmap                           0x08005f59   Thumb Code   318  ethercatsoe.o(i.ecx_readIDNmap)
    ecx_readODdescription                    0x0800609d   Thumb Code   366  ethercatcoe.o(i.ecx_readODdescription)
    ecx_readODlist                           0x08006211   Thumb Code   454  ethercatcoe.o(i.ecx_readODlist)
    ecx_readOE                               0x080063dd   Thumb Code    56  ethercatcoe.o(i.ecx_readOE)
    ecx_readOEsingle                         0x08006415   Thumb Code   382  ethercatcoe.o(i.ecx_readOEsingle)
    ecx_readPDOassign                        0x08006599   Thumb Code   226  ethercatcoe.o(i.ecx_readPDOassign)
    ecx_readPDOassignCA                      0x08006681   Thumb Code   206  ethercatcoe.o(i.ecx_readPDOassignCA)
    ecx_readPDOmap                           0x08006755   Thumb Code   364  ethercatcoe.o(i.ecx_readPDOmap)
    ecx_readPDOmapCA                         0x080068c5   Thumb Code   314  ethercatcoe.o(i.ecx_readPDOmapCA)
    ecx_readeeprom1                          0x08006a05   Thumb Code   156  ethercatmain.o(i.ecx_readeeprom1)
    ecx_readeeprom2                          0x08006aa1   Thumb Code    94  ethercatmain.o(i.ecx_readeeprom2)
    ecx_readeepromFP                         0x08006aff   Thumb Code   284  ethercatmain.o(i.ecx_readeepromFP)
    ecx_readstate                            0x08006c1b   Thumb Code   382  ethercatmain.o(i.ecx_readstate)
    ecx_setbufstat                           0x08006f03   Thumb Code    36  nicdrv.o(i.ecx_setbufstat)
    ecx_setupdatagram                        0x08006f27   Thumb Code    80  ethercatbase.o(i.ecx_setupdatagram)
    ecx_setupnic                             0x08006f79   Thumb Code   230  nicdrv.o(i.ecx_setupnic)
    ecx_siiFMMU                              0x08007065   Thumb Code   188  ethercatmain.o(i.ecx_siiFMMU)
    ecx_siiPDO                               0x08007121   Thumb Code   428  ethercatmain.o(i.ecx_siiPDO)
    ecx_siiSM                                0x080072cd   Thumb Code   264  ethercatmain.o(i.ecx_siiSM)
    ecx_siiSMnext                            0x080073d5   Thumb Code   208  ethercatmain.o(i.ecx_siiSMnext)
    ecx_siifind                              0x080074a5   Thumb Code   168  ethercatmain.o(i.ecx_siifind)
    ecx_siigetbyte                           0x0800754d   Thumb Code   220  ethercatmain.o(i.ecx_siigetbyte)
    ecx_siistring                            0x08007629   Thumb Code   184  ethercatmain.o(i.ecx_siistring)
    ecx_srconfirm                            0x080076e1   Thumb Code    94  nicdrv.o(i.ecx_srconfirm)
    ecx_statecheck                           0x0800773f   Thumb Code   190  ethercatmain.o(i.ecx_statecheck)
    fputc                                    0x0800797f   Thumb Code     2  usart.o(i.fputc)
    getSec                                   0x08007981   Thumb Code     6  timer.o(i.getSec)
    getSn_RX_RSR                             0x0800798d   Thumb Code    80  w5500.o(i.getSn_RX_RSR)
    getuSec                                  0x080079dd   Thumb Code     8  timer.o(i.getuSec)
    main                                     0x080079e5   Thumb Code    74  slaveinfo.o(i.main)
    osal_current_time                        0x08007a39   Thumb Code    48  osal.o(i.osal_current_time)
    osal_timer_is_expired                    0x08007a69   Thumb Code    80  osal.o(i.osal_timer_is_expired)
    osal_timer_start                         0x08007ab9   Thumb Code    96  osal.o(i.osal_timer_start)
    osal_usleep                              0x08007b1d   Thumb Code    24  osal.o(i.osal_usleep)
    oshw_htons                               0x08007b35   Thumb Code    10  oshw.o(i.oshw_htons)
    oshw_ntohs                               0x08007b3f   Thumb Code    10  oshw.o(i.oshw_ntohs)
    reg_wizchip_cris_cbfunc                  0x08007b49   Thumb Code    24  wizchip_conf.o(i.reg_wizchip_cris_cbfunc)
    reg_wizchip_cs_cbfunc                    0x08007b6d   Thumb Code    24  wizchip_conf.o(i.reg_wizchip_cs_cbfunc)
    reg_wizchip_spi_cbfunc                   0x08007b91   Thumb Code    30  wizchip_conf.o(i.reg_wizchip_spi_cbfunc)
    reg_wizchip_spiburst_cbfunc              0x08007bbd   Thumb Code    30  wizchip_conf.o(i.reg_wizchip_spiburst_cbfunc)
    si_PDOassign                             0x08007be9   Thumb Code   382  slaveinfo.o(i.si_PDOassign)
    si_map_sdo                               0x08007dad   Thumb Code   290  slaveinfo.o(i.si_map_sdo)
    si_map_sii                               0x08007f7d   Thumb Code    86  slaveinfo.o(i.si_map_sii)
    si_sdo                                   0x08007ffd   Thumb Code   302  slaveinfo.o(i.si_sdo)
    si_siiPDO                                0x080081c1   Thumb Code   740  slaveinfo.o(i.si_siiPDO)
    slaveinfo                                0x08008549   Thumb Code   750  slaveinfo.o(i.slaveinfo)
    socket                                   0x08008aa9   Thumb Code   298  socket.o(i.socket)
    w5500_RegSetup                           0x08008bdd   Thumb Code    34  port_func.o(i.w5500_RegSetup)
    w5500_chip_init                          0x08008bff   Thumb Code     8  port_func.o(i.w5500_chip_init)
    w5500_init                               0x08008c09   Thumb Code    50  port_func.o(i.w5500_init)
    w5500_network_info_init                  0x08008c5d   Thumb Code   100  port_func.o(i.w5500_network_info_init)
    w5500_phy_init                           0x08008cdd   Thumb Code    30  port_func.o(i.w5500_phy_init)
    wiz_recv_data                            0x08008cfb   Thumb Code   104  w5500.o(i.wiz_recv_data)
    wiz_send_data                            0x08008d63   Thumb Code   104  w5500.o(i.wiz_send_data)
    wizchip_bus_readdata                     0x08008dcb   Thumb Code     4  wizchip_conf.o(i.wizchip_bus_readdata)
    wizchip_bus_writedata                    0x08008dcf   Thumb Code     4  wizchip_conf.o(i.wizchip_bus_writedata)
    wizchip_cris_enter                       0x08008dd3   Thumb Code     2  wizchip_conf.o(i.wizchip_cris_enter)
    wizchip_cris_exit                        0x08008dd5   Thumb Code     2  wizchip_conf.o(i.wizchip_cris_exit)
    wizchip_cs_deselect                      0x08008dd7   Thumb Code     2  wizchip_conf.o(i.wizchip_cs_deselect)
    wizchip_cs_select                        0x08008dd9   Thumb Code     2  wizchip_conf.o(i.wizchip_cs_select)
    wizchip_init                             0x08008ddb   Thumb Code   142  wizchip_conf.o(i.wizchip_init)
    wizchip_spi_readburst                    0x08008e69   Thumb Code     2  wizchip_conf.o(i.wizchip_spi_readburst)
    wizchip_spi_readbyte                     0x08008e6b   Thumb Code     4  wizchip_conf.o(i.wizchip_spi_readbyte)
    wizchip_spi_writeburst                   0x08008e6f   Thumb Code     2  wizchip_conf.o(i.wizchip_spi_writeburst)
    wizchip_spi_writebyte                    0x08008e71   Thumb Code     2  wizchip_conf.o(i.wizchip_spi_writebyte)
    wizchip_sw_reset                         0x08008e73   Thumb Code   116  wizchip_conf.o(i.wizchip_sw_reset)
    wizphy_getphylink                        0x08008ee7   Thumb Code    22  wizchip_conf.o(i.wizphy_getphylink)
    wizphy_reset                             0x08008efd   Thumb Code    42  wizchip_conf.o(i.wizphy_reset)
    wizphy_setphyconf                        0x08008f27   Thumb Code    76  wizchip_conf.o(i.wizphy_setphyconf)
    _get_lc_numeric                          0x08008f75   Thumb Code    44  lc_numeric_c.o(locale$$code)
    __aeabi_dadd                             0x08008fa1   Thumb Code     0  daddsub_clz.o(x$fpl$dadd)
    _dadd                                    0x08008fa1   Thumb Code   332  daddsub_clz.o(x$fpl$dadd)
    __aeabi_ddiv                             0x080090f1   Thumb Code     0  ddiv.o(x$fpl$ddiv)
    _ddiv                                    0x080090f1   Thumb Code   552  ddiv.o(x$fpl$ddiv)
    __aeabi_ui2d                             0x080093a1   Thumb Code     0  dflt_clz.o(x$fpl$dfltu)
    _dfltu                                   0x080093a1   Thumb Code    38  dflt_clz.o(x$fpl$dfltu)
    __fpl_dnaninf                            0x080093c7   Thumb Code   156  dnaninf.o(x$fpl$dnaninf)
    __fpl_dretinf                            0x08009463   Thumb Code    12  dretinf.o(x$fpl$dretinf)
    __aeabi_dsub                             0x08009471   Thumb Code     0  daddsub_clz.o(x$fpl$dsub)
    _dsub                                    0x08009471   Thumb Code   464  daddsub_clz.o(x$fpl$dsub)
    __aeabi_f2d                              0x08009645   Thumb Code     0  f2d.o(x$fpl$f2d)
    _f2d                                     0x08009645   Thumb Code    86  f2d.o(x$fpl$f2d)
    __fpl_fnaninf                            0x0800969b   Thumb Code   140  fnaninf.o(x$fpl$fnaninf)
    _fp_init                                 0x08009727   Thumb Code    10  fpinit.o(x$fpl$fpinit)
    __fplib_config_fpu_vfp                   0x0800972f   Thumb Code     0  fpinit.o(x$fpl$fpinit)
    __fplib_config_pureend_doubles           0x0800972f   Thumb Code     0  fpinit.o(x$fpl$fpinit)
    _printf_fp_dec                           0x08009731   Thumb Code     4  printf1.o(x$fpl$printf1)
    __I$use$fp                               0x08009734   Number         0  usenofp.o(x$fpl$usenofp)
    ec_configlist                            0x08009734   Data        1728  ethercatconfig.o(.constdata)
    ec_sdoerrorlist                          0x08009df4   Data        4224  ethercatprint.o(.constdata)
    ec_ALstatuscodelist                      0x0800ae74   Data        6890  ethercatprint.o(.constdata)
    ec_soeerrorlist                          0x0800c95e   Data        6630  ethercatprint.o(.constdata)
    ec_mbxerrorlist                          0x0800e344   Data        1300  ethercatprint.o(.constdata)
    Region$$Table$$Base                      0x0800eab8   Number         0  anon$$obj.o(Region$$Table)
    Region$$Table$$Limit                     0x0800ead8   Number         0  anon$$obj.o(Region$$Table)
    EcatError                                0x20000000   Data           1  ethercatmain.o(.data)
    ecx_context                              0x20000004   Data          88  ethercatmain.o(.data)
    ec_slavecount                            0x2000005c   Data           4  ethercatmain.o(.data)
    ec_DCtime                                0x20000068   Data           8  ethercatmain.o(.data)
    sock_pack_info                           0x20000076   Data           8  socket.o(.data)
    WIZCHIP                                  0x20000088   Data          44  wizchip_conf.o(.data)
    sn                                       0x200000b4   Data           1  ethercatcontrol.o(.data)
    printSDO                                 0x200000b5   Data           1  slaveinfo.o(.data)
    printMAP                                 0x200000b6   Data           1  slaveinfo.o(.data)
    __stdout                                 0x200000b8   Data           4  usart.o(.data)
    ecx_mapt                                 0x200000bc   Data          16  ethercatconfig.o(.bss)
    ec_slave                                 0x200000cc   Data       20224  ethercatmain.o(.bss)
    ec_group                                 0x20004fcc   Data         592  ethercatmain.o(.bss)
    ecx_port                                 0x20007064   Data        9188  ethercatmain.o(.bss)
    estring                                  0x20009448   Data         127  ethercatprint.o(.bss)
    IOmap                                    0x200094d8   Data        4096  slaveinfo.o(.bss)
    ODlist                                   0x2000a4d8   Data        3012  slaveinfo.o(.bss)
    OElist                                   0x2000b09c   Data        3074  slaveinfo.o(.bss)
    usdo                                     0x2000bc9e   Data         128  slaveinfo.o(.bss)
    hstr                                     0x2000bd1e   Data        1024  slaveinfo.o(.bss)
    __libspace_start                         0x2000c120   Data          96  libspace.o(.bss)
    __temporary_stack_top$libspace           0x2000c180   Data           0  libspace.o(.bss)



==============================================================================

Memory Map of the image

  Image Entry point : 0x08000189

  Load Region LR_IROM1 (Base: 0x08000000, Size: 0x0000ebb0, Max: 0x00080000, ABSOLUTE)

    Execution Region ER_IROM1 (Exec base: 0x08000000, Load base: 0x08000000, Size: 0x0000eaf4, Max: 0x00080000, ABSOLUTE)

    Exec Addr    Load Addr    Size         Type   Attr      Idx    E Section Name        Object

    0x08000000   0x08000000   0x00000188   Data   RO            3    RESET               startup_stm32f40xx.o
    0x08000188   0x08000188   0x00000008   Code   RO         7522  * !!!main             c_w.l(__main.o)
    0x08000190   0x08000190   0x00000034   Code   RO         7779    !!!scatter          c_w.l(__scatter.o)
    0x080001c4   0x080001c4   0x0000001a   Code   RO         7781    !!handler_copy      c_w.l(__scatter_copy.o)
    0x080001de   0x080001de   0x00000002   PAD
    0x080001e0   0x080001e0   0x0000001c   Code   RO         7783    !!handler_zi        c_w.l(__scatter_zi.o)
    0x080001fc   0x080001fc   0x00000000   Code   RO         7500    .ARM.Collect$$_printf_percent$$00000000  c_w.l(_printf_percent.o)
    0x080001fc   0x080001fc   0x00000006   Code   RO         7499    .ARM.Collect$$_printf_percent$$00000003  c_w.l(_printf_f.o)
    0x08000202   0x08000202   0x0000000a   Code   RO         7564    .ARM.Collect$$_printf_percent$$00000007  c_w.l(_printf_ll.o)
    0x0800020c   0x0800020c   0x00000006   Code   RO         7497    .ARM.Collect$$_printf_percent$$00000009  c_w.l(_printf_d.o)
    0x08000212   0x08000212   0x00000006   Code   RO         7498    .ARM.Collect$$_printf_percent$$0000000A  c_w.l(_printf_u.o)
    0x08000218   0x08000218   0x00000006   Code   RO         7496    .ARM.Collect$$_printf_percent$$0000000C  c_w.l(_printf_x.o)
    0x0800021e   0x0800021e   0x00000006   Code   RO         7501    .ARM.Collect$$_printf_percent$$0000000E  c_w.l(_printf_lld.o)
    0x08000224   0x08000224   0x00000006   Code   RO         7502    .ARM.Collect$$_printf_percent$$0000000F  c_w.l(_printf_llu.o)
    0x0800022a   0x0800022a   0x00000006   Code   RO         7503    .ARM.Collect$$_printf_percent$$00000011  c_w.l(_printf_llx.o)
    0x08000230   0x08000230   0x00000006   Code   RO         7495    .ARM.Collect$$_printf_percent$$00000014  c_w.l(_printf_s.o)
    0x08000236   0x08000236   0x00000004   Code   RO         7563    .ARM.Collect$$_printf_percent$$00000017  c_w.l(_printf_percent_end.o)
    0x0800023a   0x0800023a   0x00000002   Code   RO         7652    .ARM.Collect$$libinit$$00000000  c_w.l(libinit.o)
    0x0800023c   0x0800023c   0x00000004   Code   RO         7653    .ARM.Collect$$libinit$$00000001  c_w.l(libinit2.o)
    0x08000240   0x08000240   0x00000000   Code   RO         7656    .ARM.Collect$$libinit$$00000004  c_w.l(libinit2.o)
    0x08000240   0x08000240   0x00000000   Code   RO         7659    .ARM.Collect$$libinit$$0000000A  c_w.l(libinit2.o)
    0x08000240   0x08000240   0x00000000   Code   RO         7661    .ARM.Collect$$libinit$$0000000C  c_w.l(libinit2.o)
    0x08000240   0x08000240   0x00000000   Code   RO         7663    .ARM.Collect$$libinit$$0000000E  c_w.l(libinit2.o)
    0x08000240   0x08000240   0x00000006   Code   RO         7664    .ARM.Collect$$libinit$$0000000F  c_w.l(libinit2.o)
    0x08000246   0x08000246   0x00000000   Code   RO         7666    .ARM.Collect$$libinit$$00000011  c_w.l(libinit2.o)
    0x08000246   0x08000246   0x00000000   Code   RO         7668    .ARM.Collect$$libinit$$00000013  c_w.l(libinit2.o)
    0x08000246   0x08000246   0x00000000   Code   RO         7670    .ARM.Collect$$libinit$$00000015  c_w.l(libinit2.o)
    0x08000246   0x08000246   0x0000000a   Code   RO         7671    .ARM.Collect$$libinit$$00000016  c_w.l(libinit2.o)
    0x08000250   0x08000250   0x00000000   Code   RO         7672    .ARM.Collect$$libinit$$00000017  c_w.l(libinit2.o)
    0x08000250   0x08000250   0x00000000   Code   RO         7674    .ARM.Collect$$libinit$$00000019  c_w.l(libinit2.o)
    0x08000250   0x08000250   0x00000000   Code   RO         7676    .ARM.Collect$$libinit$$0000001B  c_w.l(libinit2.o)
    0x08000250   0x08000250   0x00000000   Code   RO         7678    .ARM.Collect$$libinit$$0000001D  c_w.l(libinit2.o)
    0x08000250   0x08000250   0x00000000   Code   RO         7680    .ARM.Collect$$libinit$$0000001F  c_w.l(libinit2.o)
    0x08000250   0x08000250   0x00000000   Code   RO         7682    .ARM.Collect$$libinit$$00000021  c_w.l(libinit2.o)
    0x08000250   0x08000250   0x00000000   Code   RO         7684    .ARM.Collect$$libinit$$00000023  c_w.l(libinit2.o)
    0x08000250   0x08000250   0x00000000   Code   RO         7686    .ARM.Collect$$libinit$$00000025  c_w.l(libinit2.o)
    0x08000250   0x08000250   0x00000000   Code   RO         7690    .ARM.Collect$$libinit$$0000002C  c_w.l(libinit2.o)
    0x08000250   0x08000250   0x00000000   Code   RO         7692    .ARM.Collect$$libinit$$0000002E  c_w.l(libinit2.o)
    0x08000250   0x08000250   0x00000000   Code   RO         7694    .ARM.Collect$$libinit$$00000030  c_w.l(libinit2.o)
    0x08000250   0x08000250   0x00000000   Code   RO         7696    .ARM.Collect$$libinit$$00000032  c_w.l(libinit2.o)
    0x08000250   0x08000250   0x00000002   Code   RO         7697    .ARM.Collect$$libinit$$00000033  c_w.l(libinit2.o)
    0x08000252   0x08000252   0x00000002   Code   RO         7739    .ARM.Collect$$libshutdown$$00000000  c_w.l(libshutdown.o)
    0x08000254   0x08000254   0x00000000   Code   RO         7748    .ARM.Collect$$libshutdown$$00000002  c_w.l(libshutdown2.o)
    0x08000254   0x08000254   0x00000000   Code   RO         7750    .ARM.Collect$$libshutdown$$00000004  c_w.l(libshutdown2.o)
    0x08000254   0x08000254   0x00000000   Code   RO         7753    .ARM.Collect$$libshutdown$$00000007  c_w.l(libshutdown2.o)
    0x08000254   0x08000254   0x00000000   Code   RO         7756    .ARM.Collect$$libshutdown$$0000000A  c_w.l(libshutdown2.o)
    0x08000254   0x08000254   0x00000000   Code   RO         7758    .ARM.Collect$$libshutdown$$0000000C  c_w.l(libshutdown2.o)
    0x08000254   0x08000254   0x00000000   Code   RO         7761    .ARM.Collect$$libshutdown$$0000000F  c_w.l(libshutdown2.o)
    0x08000254   0x08000254   0x00000002   Code   RO         7762    .ARM.Collect$$libshutdown$$00000010  c_w.l(libshutdown2.o)
    0x08000256   0x08000256   0x00000000   Code   RO         7546    .ARM.Collect$$rtentry$$00000000  c_w.l(__rtentry.o)
    0x08000256   0x08000256   0x00000000   Code   RO         7573    .ARM.Collect$$rtentry$$00000002  c_w.l(__rtentry2.o)
    0x08000256   0x08000256   0x00000006   Code   RO         7585    .ARM.Collect$$rtentry$$00000004  c_w.l(__rtentry4.o)
    0x0800025c   0x0800025c   0x00000000   Code   RO         7575    .ARM.Collect$$rtentry$$00000009  c_w.l(__rtentry2.o)
    0x0800025c   0x0800025c   0x00000004   Code   RO         7576    .ARM.Collect$$rtentry$$0000000A  c_w.l(__rtentry2.o)
    0x08000260   0x08000260   0x00000000   Code   RO         7578    .ARM.Collect$$rtentry$$0000000C  c_w.l(__rtentry2.o)
    0x08000260   0x08000260   0x00000008   Code   RO         7579    .ARM.Collect$$rtentry$$0000000D  c_w.l(__rtentry2.o)
    0x08000268   0x08000268   0x00000002   Code   RO         7698    .ARM.Collect$$rtexit$$00000000  c_w.l(rtexit.o)
    0x0800026a   0x0800026a   0x00000000   Code   RO         7709    .ARM.Collect$$rtexit$$00000002  c_w.l(rtexit2.o)
    0x0800026a   0x0800026a   0x00000004   Code   RO         7710    .ARM.Collect$$rtexit$$00000003  c_w.l(rtexit2.o)
    0x0800026e   0x0800026e   0x00000006   Code   RO         7711    .ARM.Collect$$rtexit$$00000004  c_w.l(rtexit2.o)
    0x08000274   0x08000274   0x00000040   Code   RO            4    .text               startup_stm32f40xx.o
    0x080002b4   0x080002b4   0x00000002   Code   RO         7432    .text               c_w.l(use_no_semi_2.o)
    0x080002b6   0x080002b6   0x00000002   PAD
    0x080002b8   0x080002b8   0x00000018   Code   RO         7440    .text               c_w.l(noretval__2printf.o)
    0x080002d0   0x080002d0   0x00000028   Code   RO         7442    .text               c_w.l(noretval__2sprintf.o)
    0x080002f8   0x080002f8   0x0000004e   Code   RO         7446    .text               c_w.l(_printf_pad.o)
    0x08000346   0x08000346   0x00000052   Code   RO         7448    .text               c_w.l(_printf_str.o)
    0x08000398   0x08000398   0x00000078   Code   RO         7450    .text               c_w.l(_printf_dec.o)
    0x08000410   0x08000410   0x0000007c   Code   RO         7452    .text               c_w.l(_printf_longlong_dec.o)
    0x0800048c   0x0800048c   0x0000007c   Code   RO         7460    .text               c_w.l(_printf_hex_int_ll.o)
    0x08000508   0x08000508   0x00000188   Code   RO         7492    .text               c_w.l(__printf_flags_ss_wp.o)
    0x08000690   0x08000690   0x00000048   Code   RO         7504    .text               c_w.l(strcpy.o)
    0x080006d8   0x080006d8   0x00000018   Code   RO         7508    .text               c_w.l(strcat.o)
    0x080006f0   0x080006f0   0x0000008a   Code   RO         7510    .text               c_w.l(rt_memcpy_v6.o)
    0x0800077a   0x0800077a   0x00000064   Code   RO         7512    .text               c_w.l(rt_memcpy_w.o)
    0x080007de   0x080007de   0x00000044   Code   RO         7514    .text               c_w.l(rt_memclr.o)
    0x08000822   0x08000822   0x0000004e   Code   RO         7516    .text               c_w.l(rt_memclr_w.o)
    0x08000870   0x08000870   0x00000056   Code   RO         7518    .text               c_w.l(strncpy.o)
    0x080008c6   0x080008c6   0x00000006   Code   RO         7520    .text               c_w.l(heapauxi.o)
    0x080008cc   0x080008cc   0x00000002   Code   RO         7544    .text               c_w.l(use_no_semi.o)
    0x080008ce   0x080008ce   0x0000008a   Code   RO         7549    .text               c_w.l(lludiv10.o)
    0x08000958   0x08000958   0x000000b2   Code   RO         7551    .text               c_w.l(_printf_intcommon.o)
    0x08000a0a   0x08000a0a   0x0000041e   Code   RO         7553    .text               c_w.l(_printf_fp_dec.o)
    0x08000e28   0x08000e28   0x00000030   Code   RO         7555    .text               c_w.l(_printf_char_common.o)
    0x08000e58   0x08000e58   0x0000000a   Code   RO         7557    .text               c_w.l(_sputc.o)
    0x08000e62   0x08000e62   0x0000002c   Code   RO         7559    .text               c_w.l(_printf_char.o)
    0x08000e8e   0x08000e8e   0x00000002   PAD
    0x08000e90   0x08000e90   0x00000024   Code   RO         7561    .text               c_w.l(_printf_char_file.o)
    0x08000eb4   0x08000eb4   0x00000008   Code   RO         7594    .text               c_w.l(rt_locale_intlibspace.o)
    0x08000ebc   0x08000ebc   0x00000080   Code   RO         7596    .text               c_w.l(_printf_fp_infnan.o)
    0x08000f3c   0x08000f3c   0x000000e4   Code   RO         7600    .text               c_w.l(bigflt0.o)
    0x08001020   0x08001020   0x00000008   Code   RO         7625    .text               c_w.l(ferror.o)
    0x08001028   0x08001028   0x00000008   Code   RO         7636    .text               c_w.l(libspace.o)
    0x08001030   0x08001030   0x0000004a   Code   RO         7639    .text               c_w.l(sys_stackheap_outer.o)
    0x0800107a   0x0800107a   0x00000012   Code   RO         7643    .text               c_w.l(exit.o)
    0x0800108c   0x0800108c   0x00000080   Code   RO         7645    .text               c_w.l(strcmpv7m.o)
    0x0800110c   0x0800110c   0x0000003e   Code   RO         7603    CL$$btod_d2e        c_w.l(btod.o)
    0x0800114a   0x0800114a   0x00000046   Code   RO         7605    CL$$btod_d2e_denorm_low  c_w.l(btod.o)
    0x08001190   0x08001190   0x00000060   Code   RO         7604    CL$$btod_d2e_norm_op1  c_w.l(btod.o)
    0x080011f0   0x080011f0   0x00000338   Code   RO         7613    CL$$btod_div_common  c_w.l(btod.o)
    0x08001528   0x08001528   0x000000dc   Code   RO         7610    CL$$btod_e2e        c_w.l(btod.o)
    0x08001604   0x08001604   0x0000002a   Code   RO         7607    CL$$btod_ediv       c_w.l(btod.o)
    0x0800162e   0x0800162e   0x0000002a   Code   RO         7606    CL$$btod_emul       c_w.l(btod.o)
    0x08001658   0x08001658   0x00000244   Code   RO         7612    CL$$btod_mult_common  c_w.l(btod.o)
    0x0800189c   0x0800189c   0x0000001c   Code   RO         7064    i.EXTI15_10_IRQHandler  myspi.o
    0x080018b8   0x080018b8   0x0000000c   Code   RO         1386    i.EXTI_ClearITPendingBit  stm32f4xx_exti.o
    0x080018c4   0x080018c4   0x00000014   Code   RO         1390    i.EXTI_GetITStatus  stm32f4xx_exti.o
    0x080018d8   0x080018d8   0x00000074   Code   RO         1391    i.EXTI_Init         stm32f4xx_exti.o
    0x0800194c   0x0800194c   0x0000000c   Code   RO         6998    i.EtherCat_Close    ethercatcontrol.o
    0x08001958   0x08001958   0x00000038   Code   RO         6999    i.EtherCat_MACRAW_Open  ethercatcontrol.o
    0x08001990   0x08001990   0x00000088   Code   RO         7000    i.EtherCat_MACRAW_Recv  ethercatcontrol.o
    0x08001a18   0x08001a18   0x000000a0   Code   RO         7001    i.EtherCat_MACRAW_Send  ethercatcontrol.o
    0x08001ab8   0x08001ab8   0x0000007c   Code   RO         1899    i.GPIO_Init         stm32f4xx_gpio.o
    0x08001b34   0x08001b34   0x00000020   Code   RO         1900    i.GPIO_PinAFConfig  stm32f4xx_gpio.o
    0x08001b54   0x08001b54   0x00000004   Code   RO         1906    i.GPIO_ResetBits    stm32f4xx_gpio.o
    0x08001b58   0x08001b58   0x00000004   Code   RO         1907    i.GPIO_SetBits      stm32f4xx_gpio.o
    0x08001b5c   0x08001b5c   0x00000034   Code   RO         7151    i.Led_Init          slaveinfo.o
    0x08001b90   0x08001b90   0x00000068   Code   RO          155    i.NVIC_Init         misc.o
    0x08001bf8   0x08001bf8   0x00000014   Code   RO          156    i.NVIC_PriorityGroupConfig  misc.o
    0x08001c0c   0x08001c0c   0x0000001c   Code   RO         2624    i.RCC_AHB1PeriphClockCmd  stm32f4xx_rcc.o
    0x08001c28   0x08001c28   0x0000001c   Code   RO         2633    i.RCC_APB1PeriphClockCmd  stm32f4xx_rcc.o
    0x08001c44   0x08001c44   0x0000001c   Code   RO         2636    i.RCC_APB2PeriphClockCmd  stm32f4xx_rcc.o
    0x08001c60   0x08001c60   0x0000026c   Code   RO         7152    i.SDO2string        slaveinfo.o
    0x08001ecc   0x08001ecc   0x00000010   Code   RO         7065    i.SPI3_CS_Deselect  myspi.o
    0x08001edc   0x08001edc   0x00000010   Code   RO         7066    i.SPI3_CS_Select    myspi.o
    0x08001eec   0x08001eec   0x00000034   Code   RO         7067    i.SPI3_Read_Byte    myspi.o
    0x08001f20   0x08001f20   0x00000034   Code   RO         7068    i.SPI3_Write_Byte   myspi.o
    0x08001f54   0x08001f54   0x00000018   Code   RO         3782    i.SPI_Cmd           stm32f4xx_spi.o
    0x08001f6c   0x08001f6c   0x000000d4   Code   RO         7069    i.SPI_Configuration  myspi.o
    0x08002040   0x08002040   0x00000008   Code   RO         7070    i.SPI_CrisEnter     myspi.o
    0x08002048   0x08002048   0x00000008   Code   RO         7071    i.SPI_CrisExit      myspi.o
    0x08002050   0x08002050   0x0000000e   Code   RO         3790    i.SPI_I2S_GetFlagStatus  stm32f4xx_spi.o
    0x0800205e   0x0800205e   0x00000004   Code   RO         3793    i.SPI_I2S_ReceiveData  stm32f4xx_spi.o
    0x08002062   0x08002062   0x00000004   Code   RO         3794    i.SPI_I2S_SendData  stm32f4xx_spi.o
    0x08002066   0x08002066   0x00000038   Code   RO         3795    i.SPI_Init          stm32f4xx_spi.o
    0x0800209e   0x0800209e   0x00000002   PAD
    0x080020a0   0x080020a0   0x0000002c   Code   RO         3947    i.SYSCFG_EXTILineConfig  stm32f4xx_syscfg.o
    0x080020cc   0x080020cc   0x000000b8   Code   RO           13    i.SetSysClock       system_stm32f4xx.o
    0x08002184   0x08002184   0x00000018   Code   RO         7072    i.Spi_ReadBurst     myspi.o
    0x0800219c   0x0800219c   0x0000001a   Code   RO         7073    i.Spi_WriteBurst    myspi.o
    0x080021b6   0x080021b6   0x00000002   PAD
    0x080021b8   0x080021b8   0x0000005c   Code   RO           15    i.SystemInit        system_stm32f4xx.o
    0x08002214   0x08002214   0x00000020   Code   RO         7323    i.TIM5_IRQHandler   timer.o
    0x08002234   0x08002234   0x00000006   Code   RO         4014    i.TIM_ClearFlag     stm32f4xx_tim.o
    0x0800223a   0x0800223a   0x00000006   Code   RO         4015    i.TIM_ClearITPendingBit  stm32f4xx_tim.o
    0x08002240   0x08002240   0x00000018   Code   RO         4020    i.TIM_Cmd           stm32f4xx_tim.o
    0x08002258   0x08002258   0x0000000e   Code   RO         4040    i.TIM_GetFlagStatus  stm32f4xx_tim.o
    0x08002266   0x08002266   0x00000018   Code   RO         4041    i.TIM_GetITStatus   stm32f4xx_tim.o
    0x0800227e   0x0800227e   0x00000014   Code   RO         4046    i.TIM_ITRxExternalClockConfig  stm32f4xx_tim.o
    0x08002292   0x08002292   0x0000000a   Code   RO         4047    i.TIM_InternalClockConfig  stm32f4xx_tim.o
    0x0800229c   0x0800229c   0x0000000c   Code   RO         4074    i.TIM_SelectInputTrigger  stm32f4xx_tim.o
    0x080022a8   0x080022a8   0x00000010   Code   RO         4075    i.TIM_SelectMasterSlaveMode  stm32f4xx_tim.o
    0x080022b8   0x080022b8   0x00000010   Code   RO         4078    i.TIM_SelectOutputTrigger  stm32f4xx_tim.o
    0x080022c8   0x080022c8   0x0000007c   Code   RO         4092    i.TIM_TimeBaseInit  stm32f4xx_tim.o
    0x08002344   0x08002344   0x0000000e   Code   RO         7324    i.Timer2And3_Init   timer.o
    0x08002352   0x08002352   0x00000002   PAD
    0x08002354   0x08002354   0x0000001c   Code   RO         7325    i.Timer2And3_start  timer.o
    0x08002370   0x08002370   0x00000054   Code   RO         7326    i.Timer2_Init       timer.o
    0x080023c4   0x080023c4   0x0000004c   Code   RO         7327    i.Timer3_Init       timer.o
    0x08002410   0x08002410   0x000000b0   Code   RO         7074    i.W5500_GPIO_Configuration  myspi.o
    0x080024c0   0x080024c0   0x00000034   Code   RO         6555    i.W5500_Hardware_Reset  port_func.o
    0x080024f4   0x080024f4   0x00000058   Code   RO         6704    i.WIZCHIP_READ      w5500.o
    0x0800254c   0x0800254c   0x00000074   Code   RO         6705    i.WIZCHIP_READ_BUF  w5500.o
    0x080025c0   0x080025c0   0x00000060   Code   RO         6706    i.WIZCHIP_WRITE     w5500.o
    0x08002620   0x08002620   0x00000070   Code   RO         6707    i.WIZCHIP_WRITE_BUF  w5500.o
    0x08002690   0x08002690   0x00000030   Code   RO         7634    i.__ARM_fpclassify  m_wm.l(fpclassify.o)
    0x080026c0   0x080026c0   0x0000000e   Code   RO         7485    i._is_digit         c_w.l(__printf_wp.o)
    0x080026ce   0x080026ce   0x00000002   Code   RO         7392    i._sys_exit         usart.o
    0x080026d0   0x080026d0   0x0000007c   Code   RO         6619    i.close             socket.o
    0x0800274c   0x0800274c   0x0000002c   Code   RO         7262    i.delay_init        delay.o
    0x08002778   0x08002778   0x00000040   Code   RO         7263    i.delay_ms          delay.o
    0x080027b8   0x080027b8   0x00000250   Code   RO         7153    i.dtype2string      slaveinfo.o
    0x08002a08   0x08002a08   0x00000030   Code   RO         6444    i.ec_ALstatuscode2string  ethercatprint.o
    0x08002a38   0x08002a38   0x00000028   Code   RO         5350    i.ec_SDOread        ethercatcoe.o
    0x08002a60   0x08002a60   0x00000008   Code   RO         5877    i.ec_clearmbx       ethercatmain.o
    0x08002a68   0x08002a68   0x0000000c   Code   RO         5878    i.ec_close          ethercatmain.o
    0x08002a74   0x08002a74   0x00000016   Code   RO         5522    i.ec_config         ethercatconfig.o
    0x08002a8a   0x08002a8a   0x00000002   PAD
    0x08002a8c   0x08002a8c   0x0000000c   Code   RO         5523    i.ec_config_init    ethercatconfig.o
    0x08002a98   0x08002a98   0x00000006   Code   RO         5524    i.ec_config_map     ethercatconfig.o
    0x08002a9e   0x08002a9e   0x00000002   PAD
    0x08002aa0   0x08002aa0   0x00000010   Code   RO         5525    i.ec_config_map_group  ethercatconfig.o
    0x08002ab0   0x08002ab0   0x0000000c   Code   RO         5702    i.ec_configdc       ethercatdc.o
    0x08002abc   0x08002abc   0x0000000c   Code   RO         5880    i.ec_eeprom2pdi     ethercatmain.o
    0x08002ac8   0x08002ac8   0x0000000c   Code   RO         6445    i.ec_elist2string   ethercatprint.o
    0x08002ad4   0x08002ad4   0x00000038   Code   RO         5529    i.ec_findconfig     ethercatconfig.o
    0x08002b0c   0x08002b0c   0x0000000c   Code   RO         5886    i.ec_init           ethercatmain.o
    0x08002b18   0x08002b18   0x00000030   Code   RO         6446    i.ec_mbxerror2string  ethercatprint.o
    0x08002b48   0x08002b48   0x0000000c   Code   RO         5892    i.ec_nextmbxcnt     ethercatmain.o
    0x08002b54   0x08002b54   0x00000010   Code   RO         5353    i.ec_readODdescription  ethercatcoe.o
    0x08002b64   0x08002b64   0x00000010   Code   RO         5354    i.ec_readODlist     ethercatcoe.o
    0x08002b74   0x08002b74   0x00000010   Code   RO         5355    i.ec_readOE         ethercatcoe.o
    0x08002b84   0x08002b84   0x00000018   Code   RO         5356    i.ec_readOEsingle   ethercatcoe.o
    0x08002b9c   0x08002b9c   0x0000000c   Code   RO         5901    i.ec_readstate      ethercatmain.o
    0x08002ba8   0x08002ba8   0x0000002c   Code   RO         6447    i.ec_sdoerror2string  ethercatprint.o
    0x08002bd4   0x08002bd4   0x00000048   Code   RO         4894    i.ec_setupheader    nicdrv.o
    0x08002c1c   0x08002c1c   0x00000010   Code   RO         5912    i.ec_siifind        ethercatmain.o
    0x08002c2c   0x08002c2c   0x00000010   Code   RO         5913    i.ec_siigetbyte     ethercatmain.o
    0x08002c3c   0x08002c3c   0x00000010   Code   RO         5914    i.ec_siistring      ethercatmain.o
    0x08002c4c   0x08002c4c   0x00000030   Code   RO         6448    i.ec_soeerror2string  ethercatprint.o
    0x08002c7c   0x08002c7c   0x00000010   Code   RO         5915    i.ec_statecheck     ethercatmain.o
    0x08002c8c   0x08002c8c   0x0000006c   Code   RO         5132    i.ecx_APRD          ethercatbase.o
    0x08002cf8   0x08002cf8   0x00000018   Code   RO         5133    i.ecx_APRDw         ethercatbase.o
    0x08002d10   0x08002d10   0x00000058   Code   RO         5134    i.ecx_APWR          ethercatbase.o
    0x08002d68   0x08002d68   0x00000016   Code   RO         5135    i.ecx_APWRw         ethercatbase.o
    0x08002d7e   0x08002d7e   0x0000006c   Code   RO         5137    i.ecx_BRD           ethercatbase.o
    0x08002dea   0x08002dea   0x00000058   Code   RO         5138    i.ecx_BWR           ethercatbase.o
    0x08002e42   0x08002e42   0x0000006c   Code   RO         5139    i.ecx_FPRD          ethercatbase.o
    0x08002eae   0x08002eae   0x0000010e   Code   RO         5920    i.ecx_FPRD_multi    ethercatmain.o
    0x08002fbc   0x08002fbc   0x00000018   Code   RO         5140    i.ecx_FPRDw         ethercatbase.o
    0x08002fd4   0x08002fd4   0x00000058   Code   RO         5141    i.ecx_FPWR          ethercatbase.o
    0x0800302c   0x0800302c   0x00000016   Code   RO         5142    i.ecx_FPWRw         ethercatbase.o
    0x08003042   0x08003042   0x00000052   Code   RO         5362    i.ecx_SDOerror      ethercatcoe.o
    0x08003094   0x08003094   0x00000044   Code   RO         5363    i.ecx_SDOinfoerror  ethercatcoe.o
    0x080030d8   0x080030d8   0x00000310   Code   RO         5364    i.ecx_SDOread       ethercatcoe.o
    0x080033e8   0x080033e8   0x0000004c   Code   RO         6503    i.ecx_SoEerror      ethercatsoe.o
    0x08003434   0x08003434   0x000001c0   Code   RO         6504    i.ecx_SoEread       ethercatsoe.o
    0x080035f4   0x080035f4   0x00000078   Code   RO         5148    i.ecx_adddatagram   ethercatbase.o
    0x0800366c   0x0800366c   0x00000010   Code   RO         4898    i.ecx_clear_rxbufstat  nicdrv.o
    0x0800367c   0x0800367c   0x00000006   Code   RO         5922    i.ecx_close         ethercatmain.o
    0x08003682   0x08003682   0x00000018   Code   RO         4899    i.ecx_closenic      nicdrv.o
    0x0800369a   0x0800369a   0x00000354   Code   RO         5532    i.ecx_config_create_input_mappings  ethercatconfig.o
    0x080039ee   0x080039ee   0x00000316   Code   RO         5533    i.ecx_config_create_output_mappings  ethercatconfig.o
    0x08003d04   0x08003d04   0x000000a4   Code   RO         5534    i.ecx_config_find_mappings  ethercatconfig.o
    0x08003da8   0x08003da8   0x000000f8   Code   RO         5535    i.ecx_config_from_table  ethercatconfig.o
    0x08003ea0   0x08003ea0   0x00000740   Code   RO         5536    i.ecx_config_init   ethercatconfig.o
    0x080045e0   0x080045e0   0x00000304   Code   RO         5537    i.ecx_config_map_group  ethercatconfig.o
    0x080048e4   0x080048e4   0x00000482   Code   RO         5705    i.ecx_configdc      ethercatdc.o
    0x08004d66   0x08004d66   0x00000078   Code   RO         5539    i.ecx_detect_slaves  ethercatconfig.o
    0x08004dde   0x08004dde   0x00000086   Code   RO         5923    i.ecx_eeprom2master  ethercatmain.o
    0x08004e64   0x08004e64   0x0000005c   Code   RO         5924    i.ecx_eeprom2pdi    ethercatmain.o
    0x08004ec0   0x08004ec0   0x00000064   Code   RO         5926    i.ecx_eeprom_waitnotbusyFP  ethercatmain.o
    0x08004f24   0x08004f24   0x00000028   Code   RO         6449    i.ecx_elist2string  ethercatprint.o
    0x08004f4c   0x08004f4c   0x00000210   Code   RO         6450    i.ecx_err2string    ethercatprint.o
    0x0800515c   0x0800515c   0x0000001c   Code   RO         5540    i.ecx_get_threadcount  ethercatconfig.o
    0x08005178   0x08005178   0x00000064   Code   RO         4900    i.ecx_getindex      nicdrv.o
    0x080051dc   0x080051dc   0x00000110   Code   RO         4901    i.ecx_inframe       nicdrv.o
    0x080052ec   0x080052ec   0x00000008   Code   RO         5928    i.ecx_init          ethercatmain.o
    0x080052f4   0x080052f4   0x00000050   Code   RO         5541    i.ecx_init_context  ethercatconfig.o
    0x08005344   0x08005344   0x000000ec   Code   RO         5542    i.ecx_lookup_mapping  ethercatconfig.o
    0x08005430   0x08005430   0x000001b8   Code   RO         5543    i.ecx_lookup_prev_sii  ethercatconfig.o
    0x080055e8   0x080055e8   0x00000100   Code   RO         5544    i.ecx_map_coe_soe   ethercatconfig.o
    0x080056e8   0x080056e8   0x00000106   Code   RO         5545    i.ecx_map_sii       ethercatconfig.o
    0x080057ee   0x080057ee   0x0000010c   Code   RO         5546    i.ecx_map_sm        ethercatconfig.o
    0x080058fa   0x080058fa   0x00000062   Code   RO         5932    i.ecx_mbxemergencyerror  ethercatmain.o
    0x0800595c   0x0800595c   0x00000088   Code   RO         5933    i.ecx_mbxempty      ethercatmain.o
    0x080059e4   0x080059e4   0x00000044   Code   RO         5934    i.ecx_mbxerror      ethercatmain.o
    0x08005a28   0x08005a28   0x000001f2   Code   RO         5935    i.ecx_mbxreceive    ethercatmain.o
    0x08005c1a   0x08005c1a   0x00000062   Code   RO         5936    i.ecx_mbxsend       ethercatmain.o
    0x08005c7c   0x08005c7c   0x00000040   Code   RO         4902    i.ecx_outframe      nicdrv.o
    0x08005cbc   0x08005cbc   0x00000066   Code   RO         4903    i.ecx_outframe_red  nicdrv.o
    0x08005d22   0x08005d22   0x00000052   Code   RO         5937    i.ecx_packeterror   ethercatmain.o
    0x08005d74   0x08005d74   0x00000048   Code   RO         5708    i.ecx_parentport    ethercatdc.o
    0x08005dbc   0x08005dbc   0x00000060   Code   RO         5938    i.ecx_poperror      ethercatmain.o
    0x08005e1c   0x08005e1c   0x0000004c   Code   RO         5709    i.ecx_porttime      ethercatdc.o
    0x08005e68   0x08005e68   0x00000086   Code   RO         5710    i.ecx_prevport      ethercatdc.o
    0x08005eee   0x08005eee   0x00000068   Code   RO         5940    i.ecx_pusherror     ethercatmain.o
    0x08005f56   0x08005f56   0x00000002   PAD
    0x08005f58   0x08005f58   0x00000144   Code   RO         6506    i.ecx_readIDNmap    ethercatsoe.o
    0x0800609c   0x0800609c   0x00000174   Code   RO         5367    i.ecx_readODdescription  ethercatcoe.o
    0x08006210   0x08006210   0x000001cc   Code   RO         5368    i.ecx_readODlist    ethercatcoe.o
    0x080063dc   0x080063dc   0x00000038   Code   RO         5369    i.ecx_readOE        ethercatcoe.o
    0x08006414   0x08006414   0x00000184   Code   RO         5370    i.ecx_readOEsingle  ethercatcoe.o
    0x08006598   0x08006598   0x000000e8   Code   RO         5371    i.ecx_readPDOassign  ethercatcoe.o
    0x08006680   0x08006680   0x000000d4   Code   RO         5372    i.ecx_readPDOassignCA  ethercatcoe.o
    0x08006754   0x08006754   0x00000170   Code   RO         5373    i.ecx_readPDOmap    ethercatcoe.o
    0x080068c4   0x080068c4   0x00000140   Code   RO         5374    i.ecx_readPDOmapCA  ethercatcoe.o
    0x08006a04   0x08006a04   0x0000009c   Code   RO         5943    i.ecx_readeeprom1   ethercatmain.o
    0x08006aa0   0x08006aa0   0x0000005e   Code   RO         5944    i.ecx_readeeprom2   ethercatmain.o
    0x08006afe   0x08006afe   0x0000011c   Code   RO         5946    i.ecx_readeepromFP  ethercatmain.o
    0x08006c1a   0x08006c1a   0x0000017e   Code   RO         5947    i.ecx_readstate     ethercatmain.o
    0x08006d98   0x08006d98   0x00000040   Code   RO         4904    i.ecx_recvpkt       nicdrv.o
    0x08006dd8   0x08006dd8   0x0000012a   Code   RO         5549    i.ecx_set_slaves_to_default  ethercatconfig.o
    0x08006f02   0x08006f02   0x00000024   Code   RO         4905    i.ecx_setbufstat    nicdrv.o
    0x08006f26   0x08006f26   0x00000050   Code   RO         5149    i.ecx_setupdatagram  ethercatbase.o
    0x08006f76   0x08006f76   0x00000002   PAD
    0x08006f78   0x08006f78   0x000000ec   Code   RO         4906    i.ecx_setupnic      nicdrv.o
    0x08007064   0x08007064   0x000000bc   Code   RO         5954    i.ecx_siiFMMU       ethercatmain.o
    0x08007120   0x08007120   0x000001ac   Code   RO         5955    i.ecx_siiPDO        ethercatmain.o
    0x080072cc   0x080072cc   0x00000108   Code   RO         5956    i.ecx_siiSM         ethercatmain.o
    0x080073d4   0x080073d4   0x000000d0   Code   RO         5957    i.ecx_siiSMnext     ethercatmain.o
    0x080074a4   0x080074a4   0x000000a8   Code   RO         5958    i.ecx_siifind       ethercatmain.o
    0x0800754c   0x0800754c   0x000000dc   Code   RO         5959    i.ecx_siigetbyte    ethercatmain.o
    0x08007628   0x08007628   0x000000b8   Code   RO         5960    i.ecx_siistring     ethercatmain.o
    0x080076e0   0x080076e0   0x0000005e   Code   RO         4907    i.ecx_srconfirm     nicdrv.o
    0x0800773e   0x0800773e   0x000000be   Code   RO         5961    i.ecx_statecheck    ethercatmain.o
    0x080077fc   0x080077fc   0x0000015a   Code   RO         4909    i.ecx_waitinframe_red  nicdrv.o
    0x08007956   0x08007956   0x00000028   Code   RO         5150    i.ecx_writedatagramdata  ethercatbase.o
    0x0800797e   0x0800797e   0x00000002   Code   RO         7393    i.fputc             usart.o
    0x08007980   0x08007980   0x0000000c   Code   RO         7329    i.getSec            timer.o
    0x0800798c   0x0800798c   0x00000050   Code   RO         6708    i.getSn_RX_RSR      w5500.o
    0x080079dc   0x080079dc   0x00000008   Code   RO         7330    i.getuSec           timer.o
    0x080079e4   0x080079e4   0x00000054   Code   RO         7154    i.main              slaveinfo.o
    0x08007a38   0x08007a38   0x00000030   Code   RO         4829    i.osal_current_time  osal.o
    0x08007a68   0x08007a68   0x00000050   Code   RO         4830    i.osal_timer_is_expired  osal.o
    0x08007ab8   0x08007ab8   0x00000064   Code   RO         4831    i.osal_timer_start  osal.o
    0x08007b1c   0x08007b1c   0x00000018   Code   RO         4832    i.osal_usleep       osal.o
    0x08007b34   0x08007b34   0x0000000a   Code   RO         5075    i.oshw_htons        oshw.o
    0x08007b3e   0x08007b3e   0x0000000a   Code   RO         5076    i.oshw_ntohs        oshw.o
    0x08007b48   0x08007b48   0x00000024   Code   RO         6767    i.reg_wizchip_cris_cbfunc  wizchip_conf.o
    0x08007b6c   0x08007b6c   0x00000024   Code   RO         6768    i.reg_wizchip_cs_cbfunc  wizchip_conf.o
    0x08007b90   0x08007b90   0x0000002c   Code   RO         6769    i.reg_wizchip_spi_cbfunc  wizchip_conf.o
    0x08007bbc   0x08007bbc   0x0000002c   Code   RO         6770    i.reg_wizchip_spiburst_cbfunc  wizchip_conf.o
    0x08007be8   0x08007be8   0x000001c4   Code   RO         7155    i.si_PDOassign      slaveinfo.o
    0x08007dac   0x08007dac   0x000001d0   Code   RO         7156    i.si_map_sdo        slaveinfo.o
    0x08007f7c   0x08007f7c   0x00000080   Code   RO         7157    i.si_map_sii        slaveinfo.o
    0x08007ffc   0x08007ffc   0x000001c4   Code   RO         7158    i.si_sdo            slaveinfo.o
    0x080081c0   0x080081c0   0x00000388   Code   RO         7159    i.si_siiPDO         slaveinfo.o
    0x08008548   0x08008548   0x00000560   Code   RO         7160    i.slaveinfo         slaveinfo.o
    0x08008aa8   0x08008aa8   0x00000134   Code   RO         6630    i.socket            socket.o
    0x08008bdc   0x08008bdc   0x00000022   Code   RO         6556    i.w5500_RegSetup    port_func.o
    0x08008bfe   0x08008bfe   0x00000008   Code   RO         6557    i.w5500_chip_init   port_func.o
    0x08008c06   0x08008c06   0x00000002   PAD
    0x08008c08   0x08008c08   0x00000054   Code   RO         6558    i.w5500_init        port_func.o
    0x08008c5c   0x08008c5c   0x00000080   Code   RO         6559    i.w5500_network_info_init  port_func.o
    0x08008cdc   0x08008cdc   0x0000001e   Code   RO         6560    i.w5500_phy_init    port_func.o
    0x08008cfa   0x08008cfa   0x00000068   Code   RO         6710    i.wiz_recv_data     w5500.o
    0x08008d62   0x08008d62   0x00000068   Code   RO         6712    i.wiz_send_data     w5500.o
    0x08008dca   0x08008dca   0x00000004   Code   RO         6771    i.wizchip_bus_readdata  wizchip_conf.o
    0x08008dce   0x08008dce   0x00000004   Code   RO         6772    i.wizchip_bus_writedata  wizchip_conf.o
    0x08008dd2   0x08008dd2   0x00000002   Code   RO         6774    i.wizchip_cris_enter  wizchip_conf.o
    0x08008dd4   0x08008dd4   0x00000002   Code   RO         6775    i.wizchip_cris_exit  wizchip_conf.o
    0x08008dd6   0x08008dd6   0x00000002   Code   RO         6776    i.wizchip_cs_deselect  wizchip_conf.o
    0x08008dd8   0x08008dd8   0x00000002   Code   RO         6777    i.wizchip_cs_select  wizchip_conf.o
    0x08008dda   0x08008dda   0x0000008e   Code   RO         6783    i.wizchip_init      wizchip_conf.o
    0x08008e68   0x08008e68   0x00000002   Code   RO         6788    i.wizchip_spi_readburst  wizchip_conf.o
    0x08008e6a   0x08008e6a   0x00000004   Code   RO         6789    i.wizchip_spi_readbyte  wizchip_conf.o
    0x08008e6e   0x08008e6e   0x00000002   Code   RO         6790    i.wizchip_spi_writeburst  wizchip_conf.o
    0x08008e70   0x08008e70   0x00000002   Code   RO         6791    i.wizchip_spi_writebyte  wizchip_conf.o
    0x08008e72   0x08008e72   0x00000074   Code   RO         6792    i.wizchip_sw_reset  wizchip_conf.o
    0x08008ee6   0x08008ee6   0x00000016   Code   RO         6794    i.wizphy_getphylink  wizchip_conf.o
    0x08008efc   0x08008efc   0x0000002a   Code   RO         6797    i.wizphy_reset      wizchip_conf.o
    0x08008f26   0x08008f26   0x0000004c   Code   RO         6798    i.wizphy_setphyconf  wizchip_conf.o
    0x08008f72   0x08008f72   0x00000002   PAD
    0x08008f74   0x08008f74   0x0000002c   Code   RO         7630    locale$$code        c_w.l(lc_numeric_c.o)
    0x08008fa0   0x08008fa0   0x00000150   Code   RO         7524    x$fpl$dadd          fz_wm.l(daddsub_clz.o)
    0x080090f0   0x080090f0   0x000002b0   Code   RO         7531    x$fpl$ddiv          fz_wm.l(ddiv.o)
    0x080093a0   0x080093a0   0x00000026   Code   RO         7534    x$fpl$dfltu         fz_wm.l(dflt_clz.o)
    0x080093c6   0x080093c6   0x0000009c   Code   RO         7565    x$fpl$dnaninf       fz_wm.l(dnaninf.o)
    0x08009462   0x08009462   0x0000000c   Code   RO         7567    x$fpl$dretinf       fz_wm.l(dretinf.o)
    0x0800946e   0x0800946e   0x00000002   PAD
    0x08009470   0x08009470   0x000001d4   Code   RO         7526    x$fpl$dsub          fz_wm.l(daddsub_clz.o)
    0x08009644   0x08009644   0x00000056   Code   RO         7540    x$fpl$f2d           fz_wm.l(f2d.o)
    0x0800969a   0x0800969a   0x0000008c   Code   RO         7569    x$fpl$fnaninf       fz_wm.l(fnaninf.o)
    0x08009726   0x08009726   0x0000000a   Code   RO         7706    x$fpl$fpinit        fz_wm.l(fpinit.o)
    0x08009730   0x08009730   0x00000004   Code   RO         7542    x$fpl$printf1       fz_wm.l(printf1.o)
    0x08009734   0x08009734   0x00000000   Code   RO         7571    x$fpl$usenofp       fz_wm.l(usenofp.o)
    0x08009734   0x08009734   0x000006c0   Data   RO         5551    .constdata          ethercatconfig.o
    0x08009df4   0x08009df4   0x00004a64   Data   RO         6452    .constdata          ethercatprint.o
    0x0800e858   0x0800e858   0x00000028   Data   RO         7461    .constdata          c_w.l(_printf_hex_int_ll.o)
    0x0800e880   0x0800e880   0x00000011   Data   RO         7493    .constdata          c_w.l(__printf_flags_ss_wp.o)
    0x0800e891   0x0800e891   0x00000003   PAD
    0x0800e894   0x0800e894   0x00000094   Data   RO         7601    .constdata          c_w.l(bigflt0.o)
    0x0800e928   0x0800e928   0x0000018f   Data   RO         7163    .conststring        slaveinfo.o
    0x0800eab7   0x0800eab7   0x00000001   PAD
    0x0800eab8   0x0800eab8   0x00000020   Data   RO         7777    Region$$Table       anon$$obj.o
    0x0800ead8   0x0800ead8   0x0000001c   Data   RO         7629    locale$$data        c_w.l(lc_numeric_c.o)


    Execution Region RW_IRAM2 (Exec base: 0x10000000, Load base: 0x0800ebb0, Size: 0x00000000, Max: 0x00010000, ABSOLUTE)

    **** No section assigned to this execution region ****


    Execution Region RW_IRAM1 (Exec base: 0x20000000, Load base: 0x0800eaf4, Size: 0x0000c780, Max: 0x00020000, ABSOLUTE)

    Exec Addr    Load Addr    Size         Type   Attr      Idx    E Section Name        Object

    0x20000000   0x0800eaf4   0x00000001   Data   RW         5978    .data               ethercatmain.o
    0x20000001   0x0800eaf5   0x00000003   PAD
    0x20000004   0x0800eaf8   0x00000058   Data   RW         5979    .data               ethercatmain.o
    0x2000005c   0x0800eb50   0x00000004   Data   RW         5980    .data               ethercatmain.o
    0x20000060   0x0800eb54   0x00000008   Data   RW         5981    .data               ethercatmain.o
    0x20000068   0x0800eb5c   0x00000008   Data   RW         5982    .data               ethercatmain.o
    0x20000070   0x0800eb64   0x0000000e   Data   RW         6632    .data               socket.o
    0x2000007e   0x0800eb72   0x00000002   PAD
    0x20000080   0x0800eb74   0x00000034   Data   RW         6800    .data               wizchip_conf.o
    0x200000b4   0x0800eba8   0x00000001   Data   RW         7005    .data               ethercatcontrol.o
    0x200000b5   0x0800eba9   0x00000002   Data   RW         7164    .data               slaveinfo.o
    0x200000b7   0x0800ebab   0x00000001   PAD
    0x200000b8   0x0800ebac   0x00000004   Data   RW         7394    .data               usart.o
    0x200000bc        -       0x00000010   Zero   RW         5550    .bss                ethercatconfig.o
    0x200000cc        -       0x00004f00   Zero   RW         5966    .bss                ethercatmain.o
    0x20004fcc        -       0x00000250   Zero   RW         5967    .bss                ethercatmain.o
    0x2000521c        -       0x00001000   Zero   RW         5968    .bss                ethercatmain.o
    0x2000621c        -       0x00000200   Zero   RW         5969    .bss                ethercatmain.o
    0x2000641c        -       0x0000061c   Zero   RW         5970    .bss                ethercatmain.o
    0x20006a38        -       0x00000010   Zero   RW         5971    .bss                ethercatmain.o
    0x20006a48        -       0x0000000a   Zero   RW         5972    .bss                ethercatmain.o
    0x20006a52        -       0x00000202   Zero   RW         5973    .bss                ethercatmain.o
    0x20006c54        -       0x00000402   Zero   RW         5974    .bss                ethercatmain.o
    0x20007056        -       0x0000000c   Zero   RW         5975    .bss                ethercatmain.o
    0x20007062   0x0800ebb0   0x00000002   PAD
    0x20007064        -       0x000023e4   Zero   RW         5976    .bss                ethercatmain.o
    0x20009448        -       0x0000007f   Zero   RW         6451    .bss                ethercatprint.o
    0x200094c7   0x0800ebb0   0x00000001   PAD
    0x200094c8        -       0x00000010   Zero   RW         6631    .bss                socket.o
    0x200094d8        -       0x00002c46   Zero   RW         7161    .bss                slaveinfo.o
    0x2000c11e   0x0800ebb0   0x00000002   PAD
    0x2000c120        -       0x00000060   Zero   RW         7637    .bss                c_w.l(libspace.o)
    0x2000c180        -       0x00000200   Zero   RW            2    HEAP                startup_stm32f40xx.o
    0x2000c380        -       0x00000400   Zero   RW            1    STACK               startup_stm32f40xx.o


==============================================================================

Image component sizes


      Code (inc. data)   RO Data    RW Data    ZI Data      Debug   Object Name

       108         10          0          0          0       1140   delay.o
       920          0          0          0          0      11378   ethercatbase.o
      3454         66          0          0          0      18806   ethercatcoe.o
      6782         68       1728          0         16      22208   ethercatconfig.o
       364         22          0          1          0       3491   ethercatcontrol.o
      1448         10          0          0          0       4853   ethercatdc.o
      4688         50          0        109      37754      41602   ethercatmain.o
       768        298      19044          0        127       6088   ethercatprint.o
       848          6          0          0          0       4402   ethercatsoe.o
       124         16          0          0          0       1971   misc.o
       618         38          0          0          0       8681   myspi.o
      1426         16          0          0          0      20872   nicdrv.o
       252          4          0          0          0       4633   osal.o
        20          0          0          0          0       7073   oshw.o
       336         68          0          0          0       3474   port_func.o
      5124       1728        399          2      11334      25119   slaveinfo.o
       432         20          0         14         16       2846   socket.o
        64         26        392          0       1536        988   startup_stm32f40xx.o
       148         16          0          0          0       2692   stm32f4xx_exti.o
       164          0          0          0          0       3423   stm32f4xx_gpio.o
        84         18          0          0          0       2067   stm32f4xx_rcc.o
       102          0          0          0          0       4178   stm32f4xx_spi.o
        44          6          0          0          0        744   stm32f4xx_syscfg.o
       272         28          0          0          0       8486   stm32f4xx_tim.o
       276         34          0          0          0     282941   system_stm32f4xx.o
       254         30          0          0          0       3742   timer.o
         4          0          0          4          0       2942   usart.o
       700         20          0          0          0       5877   w5500.o
       584         52          0         52          0      15194   wizchip_conf.o

    ----------------------------------------------------------------------
     30426       2650      21596        188      50788     521911   Object Totals
         0          0         32          0          0          0   (incl. Generated)
        18          0          1          6          5          0   (incl. Padding)

    ----------------------------------------------------------------------

      Code (inc. data)   RO Data    RW Data    ZI Data      Debug   Library Member Name

         8          0          0          0          0         68   __main.o
       392          4         17          0          0         92   __printf_flags_ss_wp.o
        14          0          0          0          0         68   __printf_wp.o
         0          0          0          0          0          0   __rtentry.o
        12          0          0          0          0          0   __rtentry2.o
         6          0          0          0          0          0   __rtentry4.o
        52          8          0          0          0          0   __scatter.o
        26          0          0          0          0          0   __scatter_copy.o
        28          0          0          0          0          0   __scatter_zi.o
        44          0          0          0          0        108   _printf_char.o
        48          6          0          0          0         96   _printf_char_common.o
        36          4          0          0          0         80   _printf_char_file.o
         6          0          0          0          0          0   _printf_d.o
       120         16          0          0          0         92   _printf_dec.o
         6          0          0          0          0          0   _printf_f.o
      1054          0          0          0          0        216   _printf_fp_dec.o
       128         16          0          0          0         84   _printf_fp_infnan.o
       124          4         40          0          0        140   _printf_hex_int_ll.o
       178          0          0          0          0         88   _printf_intcommon.o
        10          0          0          0          0          0   _printf_ll.o
         6          0          0          0          0          0   _printf_lld.o
         6          0          0          0          0          0   _printf_llu.o
         6          0          0          0          0          0   _printf_llx.o
       124         16          0          0          0         92   _printf_longlong_dec.o
        78          0          0          0          0        108   _printf_pad.o
         0          0          0          0          0          0   _printf_percent.o
         4          0          0          0          0          0   _printf_percent_end.o
         6          0          0          0          0          0   _printf_s.o
        82          0          0          0          0         80   _printf_str.o
         6          0          0          0          0          0   _printf_u.o
         6          0          0          0          0          0   _printf_x.o
        10          0          0          0          0         68   _sputc.o
       228          4        148          0          0         96   bigflt0.o
      1936        128          0          0          0        672   btod.o
        18          0          0          0          0         80   exit.o
         8          0          0          0          0         68   ferror.o
         6          0          0          0          0        152   heapauxi.o
        44         10         28          0          0         76   lc_numeric_c.o
         2          0          0          0          0          0   libinit.o
        22          0          0          0          0          0   libinit2.o
         2          0          0          0          0          0   libshutdown.o
         2          0          0          0          0          0   libshutdown2.o
         8          4          0          0         96         68   libspace.o
       138          0          0          0          0         80   lludiv10.o
        24          4          0          0          0         84   noretval__2printf.o
        40          6          0          0          0         84   noretval__2sprintf.o
         8          4          0          0          0         68   rt_locale_intlibspace.o
        68          0          0          0          0         68   rt_memclr.o
        78          0          0          0          0         80   rt_memclr_w.o
       138          0          0          0          0         68   rt_memcpy_v6.o
       100          0          0          0          0         80   rt_memcpy_w.o
         2          0          0          0          0          0   rtexit.o
        10          0          0          0          0          0   rtexit2.o
        24          0          0          0          0         68   strcat.o
       128          0          0          0          0         68   strcmpv7m.o
        72          0          0          0          0         80   strcpy.o
        86          0          0          0          0         76   strncpy.o
        74          0          0          0          0         80   sys_stackheap_outer.o
         2          0          0          0          0         68   use_no_semi.o
         2          0          0          0          0         68   use_no_semi_2.o
       804         16          0          0          0        368   daddsub_clz.o
       688        140          0          0          0        256   ddiv.o
        38          0          0          0          0        116   dflt_clz.o
       156          4          0          0          0        140   dnaninf.o
        12          0          0          0          0        116   dretinf.o
        86          4          0          0          0        132   f2d.o
       140          4          0          0          0        132   fnaninf.o
        10          0          0          0          0        116   fpinit.o
         4          0          0          0          0        116   printf1.o
         0          0          0          0          0          0   usenofp.o
        48          0          0          0          0        124   fpclassify.o

    ----------------------------------------------------------------------
      7890        402        236          0         96       5428   Library Totals
         8          0          3          0          0          0   (incl. Padding)

    ----------------------------------------------------------------------

      Code (inc. data)   RO Data    RW Data    ZI Data      Debug   Library Name

      5896        234        233          0         96       3812   c_w.l
      1938        168          0          0          0       1492   fz_wm.l
        48          0          0          0          0        124   m_wm.l

    ----------------------------------------------------------------------
      7890        402        236          0         96       5428   Library Totals

    ----------------------------------------------------------------------

==============================================================================


      Code (inc. data)   RO Data    RW Data    ZI Data      Debug   

     38316       3052      21832        188      50884     502907   Grand Totals
     38316       3052      21832        188      50884     502907   ELF Image Totals
     38316       3052      21832        188          0          0   ROM Totals

==============================================================================

    Total RO  Size (Code + RO Data)                60148 (  58.74kB)
    Total RW  Size (RW Data + ZI Data)             51072 (  49.88kB)
    Total ROM Size (Code + RO Data + RW Data)      60336 (  58.92kB)

==============================================================================

